Archive member included to satisfy reference by file (symbol)

c:/program files (x86)/atmel/studio/7.0/toolchain/arm/arm-gnu-toolchain/bin/../lib/gcc/arm-none-eabi/6.3.1/thumb/v6-m\libgcc.a(_thumb1_case_uqi.o)
                              cupdi/device/device.o (__gnu_thumb1_case_uqi)
c:/program files (x86)/atmel/studio/7.0/toolchain/arm/arm-gnu-toolchain/bin/../lib/gcc/arm-none-eabi/6.3.1/thumb/v6-m\libgcc.a(_udivsi3.o)
                              hpl/core/hpl_core_m0plus_base.o (__aeabi_uidiv)
c:/program files (x86)/atmel/studio/7.0/toolchain/arm/arm-gnu-toolchain/bin/../lib/gcc/arm-none-eabi/6.3.1/thumb/v6-m\libgcc.a(_divsi3.o)
                              cupdi/updi/nvm.o (__aeabi_idiv)
c:/program files (x86)/atmel/studio/7.0/toolchain/arm/arm-gnu-toolchain/bin/../lib/gcc/arm-none-eabi/6.3.1/thumb/v6-m\libgcc.a(_dvmd_tls.o)
                              c:/program files (x86)/atmel/studio/7.0/toolchain/arm/arm-gnu-toolchain/bin/../lib/gcc/arm-none-eabi/6.3.1/thumb/v6-m\libgcc.a(_udivsi3.o) (__aeabi_idiv0)
c:/program files (x86)/atmel/studio/7.0/toolchain/arm/arm-gnu-toolchain/bin/../lib/gcc/arm-none-eabi/6.3.1/thumb/v6-m\libgcc.a(_aeabi_uldivmod.o)
                              hpl/sercom/hpl_sercom.o (__aeabi_uldivmod)
c:/program files (x86)/atmel/studio/7.0/toolchain/arm/arm-gnu-toolchain/bin/../lib/gcc/arm-none-eabi/6.3.1/thumb/v6-m\libgcc.a(_muldi3.o)
                              hpl/sercom/hpl_sercom.o (__aeabi_lmul)
c:/program files (x86)/atmel/studio/7.0/toolchain/arm/arm-gnu-toolchain/bin/../lib/gcc/arm-none-eabi/6.3.1/thumb/v6-m\libgcc.a(_fixunssfsi.o)
                              cupdi/platform/serial.o (__aeabi_f2uiz)
c:/program files (x86)/atmel/studio/7.0/toolchain/arm/arm-gnu-toolchain/bin/../lib/gcc/arm-none-eabi/6.3.1/thumb/v6-m\libgcc.a(_fixunsdfsi.o)
                              hpl/sercom/hpl_sercom.o (__aeabi_d2uiz)
c:/program files (x86)/atmel/studio/7.0/toolchain/arm/arm-gnu-toolchain/bin/../lib/gcc/arm-none-eabi/6.3.1/thumb/v6-m\libgcc.a(_udivmoddi4.o)
                              c:/program files (x86)/atmel/studio/7.0/toolchain/arm/arm-gnu-toolchain/bin/../lib/gcc/arm-none-eabi/6.3.1/thumb/v6-m\libgcc.a(_aeabi_uldivmod.o) (__udivmoddi4)
c:/program files (x86)/atmel/studio/7.0/toolchain/arm/arm-gnu-toolchain/bin/../lib/gcc/arm-none-eabi/6.3.1/thumb/v6-m\libgcc.a(mulsf3.o)
                              cupdi/platform/serial.o (__aeabi_fmul)
c:/program files (x86)/atmel/studio/7.0/toolchain/arm/arm-gnu-toolchain/bin/../lib/gcc/arm-none-eabi/6.3.1/thumb/v6-m\libgcc.a(subsf3.o)
                              cupdi/platform/serial.o (__aeabi_fsub)
c:/program files (x86)/atmel/studio/7.0/toolchain/arm/arm-gnu-toolchain/bin/../lib/gcc/arm-none-eabi/6.3.1/thumb/v6-m\libgcc.a(fixsfsi.o)
                              c:/program files (x86)/atmel/studio/7.0/toolchain/arm/arm-gnu-toolchain/bin/../lib/gcc/arm-none-eabi/6.3.1/thumb/v6-m\libgcc.a(_fixunssfsi.o) (__aeabi_f2iz)
c:/program files (x86)/atmel/studio/7.0/toolchain/arm/arm-gnu-toolchain/bin/../lib/gcc/arm-none-eabi/6.3.1/thumb/v6-m\libgcc.a(floatunsisf.o)
                              cupdi/platform/serial.o (__aeabi_ui2f)
c:/program files (x86)/atmel/studio/7.0/toolchain/arm/arm-gnu-toolchain/bin/../lib/gcc/arm-none-eabi/6.3.1/thumb/v6-m\libgcc.a(divdf3.o)
                              hpl/sercom/hpl_sercom.o (__aeabi_ddiv)
c:/program files (x86)/atmel/studio/7.0/toolchain/arm/arm-gnu-toolchain/bin/../lib/gcc/arm-none-eabi/6.3.1/thumb/v6-m\libgcc.a(muldf3.o)
                              hpl/sercom/hpl_sercom.o (__aeabi_dmul)
c:/program files (x86)/atmel/studio/7.0/toolchain/arm/arm-gnu-toolchain/bin/../lib/gcc/arm-none-eabi/6.3.1/thumb/v6-m\libgcc.a(subdf3.o)
                              hpl/sercom/hpl_sercom.o (__aeabi_dsub)
c:/program files (x86)/atmel/studio/7.0/toolchain/arm/arm-gnu-toolchain/bin/../lib/gcc/arm-none-eabi/6.3.1/thumb/v6-m\libgcc.a(fixdfsi.o)
                              c:/program files (x86)/atmel/studio/7.0/toolchain/arm/arm-gnu-toolchain/bin/../lib/gcc/arm-none-eabi/6.3.1/thumb/v6-m\libgcc.a(_fixunsdfsi.o) (__aeabi_d2iz)
c:/program files (x86)/atmel/studio/7.0/toolchain/arm/arm-gnu-toolchain/bin/../lib/gcc/arm-none-eabi/6.3.1/thumb/v6-m\libgcc.a(floatsidf.o)
                              hpl/sercom/hpl_sercom.o (__aeabi_i2d)
c:/program files (x86)/atmel/studio/7.0/toolchain/arm/arm-gnu-toolchain/bin/../lib/gcc/arm-none-eabi/6.3.1/thumb/v6-m\libgcc.a(floatunsidf.o)
                              hpl/sercom/hpl_sercom.o (__aeabi_ui2d)
c:/program files (x86)/atmel/studio/7.0/toolchain/arm/arm-gnu-toolchain/bin/../lib/gcc/arm-none-eabi/6.3.1/thumb/v6-m\libgcc.a(_arm_cmpdf2.o)
                              c:/program files (x86)/atmel/studio/7.0/toolchain/arm/arm-gnu-toolchain/bin/../lib/gcc/arm-none-eabi/6.3.1/thumb/v6-m\libgcc.a(_fixunsdfsi.o) (__aeabi_dcmpge)
c:/program files (x86)/atmel/studio/7.0/toolchain/arm/arm-gnu-toolchain/bin/../lib/gcc/arm-none-eabi/6.3.1/thumb/v6-m\libgcc.a(_arm_cmpsf2.o)
[...]
Memory Configuration

Name             Origin             Length             Attributes
rom              0x00000000         0x00040000         xr
ram              0x20000000         0x00008000         xrw
lpram            0x30000000         0x00002000         xrw
*default*        0x00000000         0xffffffff

Linker script and memory map

LOAD c:/program files (x86)/atmel/studio/7.0/toolchain/arm/arm-gnu-toolchain/bin/../lib/gcc/arm-none-eabi/6.3.1/thumb/v6-m/crti.o
LOAD c:/program files (x86)/atmel/studio/7.0/toolchain/arm/arm-gnu-toolchain/bin/../lib/gcc/arm-none-eabi/6.3.1/thumb/v6-m/crtbegin.o
LOAD c:/program files (x86)/atmel/studio/7.0/toolchain/arm/arm-gnu-toolchain/bin/../lib/gcc/arm-none-eabi/6.3.1/../../../../arm-none-eabi/lib/thumb/v6-m/crt0.o
LOAD atmel_start.o
LOAD cupdi/cupdi.o
LOAD cupdi/device/device.o
LOAD cupdi/hex_file/ihex.o
LOAD cupdi/platform/delay.o
LOAD cupdi/platform/logging.o
LOAD cupdi/platform/serial.o
LOAD cupdi/updi/application.o
LOAD cupdi/updi/link.o
LOAD cupdi/updi/nvm.o
LOAD cupdi/updi/physical.o
LOAD Device_Startup/startup_saml21.o
LOAD Device_Startup/system_saml21.o
LOAD driver_init.o
LOAD examples/driver_examples.o
LOAD hal/src/hal_atomic.o
LOAD hal/src/hal_delay.o
LOAD hal/src/hal_gpio.o
LOAD hal/src/hal_init.o
LOAD hal/src/hal_io.o
LOAD hal/src/hal_sleep.o
LOAD hal/src/hal_usart_async.o
LOAD hal/utils/src/utils_assert.o
LOAD hal/utils/src/utils_event.o
LOAD hal/utils/src/utils_list.o
LOAD hal/utils/src/utils_ringbuffer.o
LOAD hal/utils/src/utils_syscalls.o
LOAD hpl/core/hpl_core_m0plus_base.o
LOAD hpl/core/hpl_init.o
LOAD hpl/dmac/hpl_dmac.o
LOAD hpl/gclk/hpl_gclk.o
LOAD hpl/mclk/hpl_mclk.o
LOAD hpl/osc32kctrl/hpl_osc32kctrl.o
LOAD hpl/oscctrl/hpl_oscctrl.o
LOAD hpl/pm/hpl_pm.o
LOAD hpl/sercom/hpl_sercom.o
LOAD main.o
START GROUP
LOAD c:/program files (x86)/atmel/studio/7.0/toolchain/arm/arm-gnu-toolchain/bin/../lib/gcc/arm-none-eabi/6.3.1/../../../../arm-none-eabi/lib/thumb/v6-m\libm.a
END GROUP
START GROUP
LOAD c:/program files (x86)/atmel/studio/7.0/toolchain/arm/arm-gnu-toolchain/bin/../lib/gcc/arm-none-eabi/6.3.1/thumb/v6-m\libgcc.a
LOAD c:/program files (x86)/atmel/studio/7.0/toolchain/arm/arm-gnu-toolchain/bin/../lib/gcc/arm-none-eabi/6.3.1/../../../../arm-none-eabi/lib/thumb/v6-m\libc_nano.a
END GROUP
START GROUP
LOAD c:/program files (x86)/atmel/studio/7.0/toolchain/arm/arm-gnu-toolchain/bin/../lib/gcc/arm-none-eabi/6.3.1/thumb/v6-m\libgcc.a
LOAD c:/program files (x86)/atmel/studio/7.0/toolchain/arm/arm-gnu-toolchain/bin/../lib/gcc/arm-none-eabi/6.3.1/../../../../arm-none-eabi/lib/thumb/v6-m\libc_nano.a
END GROUP
LOAD c:/program files (x86)/atmel/studio/7.0/toolchain/arm/arm-gnu-toolchain/bin/../lib/gcc/arm-none-eabi/6.3.1/thumb/v6-m/crtend.o
LOAD c:/program files (x86)/atmel/studio/7.0/toolchain/arm/arm-gnu-toolchain/bin/../lib/gcc/arm-none-eabi/6.3.1/thumb/v6-m/crtn.o
                0x00002000                STACK_SIZE = DEFINED (STACK_SIZE)?STACK_SIZE:DEFINED (__stack_size__)?__stack_size__:0x2000

.text           0x00000000     0x52a0
                0x00000000                . = ALIGN (0x4)
                0x00000000                _sfixed = .
 *(.vectors .vectors.*)
 .vectors       0x00000000       0xb4 Device_Startup/startup_saml21.o
                0x00000000                exception_table
 *(.text .text.* .gnu.linkonce.t.*)
 .text          0x000000b4       0x60 c:/program files (x86)/atmel/studio/7.0/toolchain/arm/arm-gnu-toolchain/bin/../lib/gcc/arm-none-eabi/6.3.1/thumb/v6-m/crtbegin.o
 .text.atmel_start_init
                0x00000114        0xc atmel_start.o
                0x00000114                atmel_start_init
 .text.updi_write_fuse
                0x00000120       0x70 cupdi/cupdi.o
                0x00000120                updi_write_fuse
 .text.set_default_segment_id
                0x00000190       0x2a cupdi/cupdi.o
                0x00000190                set_default_segment_id
 *fill*         0x000001ba        0x2 
 .text.updi_program
                0x000001bc       0x78 cupdi/cupdi.o
                0x000001bc                updi_program
 .text.cupdi_operate
                0x00000234       0x9c cupdi/cupdi.o
                0x00000234                cupdi_operate
 .text.get_chip_info
                0x000002d0        0x8 cupdi/device/device.o
                0x000002d0                get_chip_info
 .text.dev_get_nvm_info
                0x000002d8       0x3c cupdi/device/device.o
                0x000002d8                dev_get_nvm_info
 .text.msleep   0x00000314       0x10 cupdi/platform/delay.o
                0x00000314                msleep
 .text.err_cb_USART_0
                0x00000324        0x2 cupdi/platform/serial.o
 .text.rx_cb_USART_0
                0x00000326        0x2 cupdi/platform/serial.o
 .text.tx_cb_USART_0
                0x00000328        0x2 cupdi/platform/serial.o
 *fill*         0x0000032a        0x2 
 .text.SetPortState
                0x0000032c       0xb4 cupdi/platform/serial.o
                0x0000032c                SetPortState
 .text.OpenPort
                0x000003e0       0x80 cupdi/platform/serial.o
                0x000003e0                OpenPort
 .text.FlushPort
                0x00000460       0x2c cupdi/platform/serial.o
                0x00000460                FlushPort
 .text.SendData
                0x0000048c       0x28 cupdi/platform/serial.o
                0x0000048c                SendData
 .text.ReadData
                0x000004b4       0x10 cupdi/platform/serial.o
                0x000004b4                ReadData
 .text.ClosePort
                0x000004c4       0x18 cupdi/platform/serial.o
                0x000004c4                ClosePort
 .text.updi_application_init
                0x000004dc       0x28 cupdi/updi/application.o
                0x000004dc                updi_application_init
 .text.updi_application_deinit
                0x00000504       0x20 cupdi/updi/application.o
                0x00000504                updi_application_deinit
 .text.app_in_prog_mode
                0x00000524       0x34 cupdi/updi/application.o
                0x00000524                app_in_prog_mode
 .text.app_wait_unlocked
                0x00000558       0x54 cupdi/updi/application.o
                0x00000558                app_wait_unlocked
 .text.app_disable
                0x000005ac       0x30 cupdi/updi/application.o
                0x000005ac                app_disable
 .text.app_reset
                0x000005dc       0x34 cupdi/updi/application.o
                0x000005dc                app_reset
 .text.app_toggle_reset
                0x00000610       0x48 cupdi/updi/application.o
                0x00000610                app_toggle_reset
 .text.app_unlock
                0x00000658       0x7c cupdi/updi/application.o
                0x00000658                app_unlock
 .text.app_enter_progmode
                0x000006d4       0x94 cupdi/updi/application.o
                0x000006d4                app_enter_progmode
 .text.app_leave_progmode
                0x00000768       0x3c cupdi/updi/application.o
                0x00000768                app_leave_progmode
 .text.app_wait_flash_ready
                0x000007a4       0x64 cupdi/updi/application.o
                0x000007a4                app_wait_flash_ready
 .text.app_execute_nvm_command
                0x00000808       0x2c cupdi/updi/application.o
                0x00000808                app_execute_nvm_command
 .text.app_chip_erase
                0x00000834       0x50 cupdi/updi/application.o
                0x00000834                app_chip_erase
 .text.app_read_data_words
                0x00000884       0x90 cupdi/updi/application.o
                0x00000884                app_read_data_words
 .text.app_read_data_bytes
                0x00000914       0x94 cupdi/updi/application.o
                0x00000914                app_read_data_bytes
 .text.app_read_data
                0x000009a8       0x34 cupdi/updi/application.o
                0x000009a8                app_read_data
 .text.app_device_info
                0x000009dc       0x7c cupdi/updi/application.o
                0x000009dc                app_device_info
 .text.app_write_data_words
                0x00000a58       0x98 cupdi/updi/application.o
                0x00000a58                app_write_data_words
 .text.app_write_data_bytes
                0x00000af0       0x94 cupdi/updi/application.o
                0x00000af0                app_write_data_bytes
 .text.app_write_data
                0x00000b84       0x34 cupdi/updi/application.o
                0x00000b84                app_write_data
 .text._app_write_nvm
                0x00000bb8       0xa4 cupdi/updi/application.o
                0x00000bb8                _app_write_nvm
 .text.app_write_nvm
                0x00000c5c       0x18 cupdi/updi/application.o
                0x00000c5c                app_write_nvm
 .text.updi_datalink_deinit
                0x00000c74       0x20 cupdi/updi/link.o
                0x00000c74                updi_datalink_deinit
 .text._link_ldcs
                0x00000c94       0x5c cupdi/updi/link.o
                0x00000c94                _link_ldcs
 .text.link_check
                0x00000cf0       0x44 cupdi/updi/link.o
                0x00000cf0                link_check
 .text.link_stcs
                0x00000d34       0x44 cupdi/updi/link.o
                0x00000d34                link_stcs
 .text.link_set_init
                0x00000d78       0xc4 cupdi/updi/link.o
                0x00000d78                link_set_init
 .text.updi_datalink_init
                0x00000e3c       0x70 cupdi/updi/link.o
                0x00000e3c                updi_datalink_init
 .text._link_ld
                0x00000eac       0x58 cupdi/updi/link.o
                0x00000eac                _link_ld
 .text._link_ld16
                0x00000f04       0x58 cupdi/updi/link.o
                0x00000f04                _link_ld16
 .text.link_st  0x00000f5c       0x78 cupdi/updi/link.o
                0x00000f5c                link_st
 .text.link_st16
                0x00000fd4       0x7c cupdi/updi/link.o
                0x00000fd4                link_st16
 .text.link_ld_ptr_inc
                0x00001050       0x50 cupdi/updi/link.o
                0x00001050                link_ld_ptr_inc
 .text.link_ld_ptr_inc16
                0x000010a0       0x54 cupdi/updi/link.o
                0x000010a0                link_ld_ptr_inc16
 .text.link_st_ptr
                0x000010f4       0x58 cupdi/updi/link.o
                0x000010f4                link_st_ptr
 .text.link_st_ptr_inc
                0x0000114c       0x8c cupdi/updi/link.o
                0x0000114c                link_st_ptr_inc
 .text.link_st_ptr_inc16
                0x000011d8       0x98 cupdi/updi/link.o
                0x000011d8                link_st_ptr_inc16
 .text.link_repeat
                0x00001270       0x3c cupdi/updi/link.o
                0x00001270                link_repeat
 .text.link_repeat16
                0x000012ac       0x40 cupdi/updi/link.o
                0x000012ac                link_repeat16
 .text.link_read_sib
                0x000012ec       0x24 cupdi/updi/link.o
                0x000012ec                link_read_sib
 .text.link_key
                0x00001310       0x70 cupdi/updi/link.o
                0x00001310                link_key
 .text.updi_nvm_init
                0x00001380       0x2c cupdi/updi/nvm.o
                0x00001380                updi_nvm_init
 .text.updi_nvm_deinit
                0x000013ac       0x20 cupdi/updi/nvm.o
                0x000013ac                updi_nvm_deinit
 .text.nvm_get_device_info
                0x000013cc       0x24 cupdi/updi/nvm.o
                0x000013cc                nvm_get_device_info
 .text.nvm_enter_progmode
                0x000013f0       0x30 cupdi/updi/nvm.o
                0x000013f0                nvm_enter_progmode
 .text.nvm_leave_progmode
                0x00001420       0x38 cupdi/updi/nvm.o
                0x00001420                nvm_leave_progmode
 .text.nvm_unlock_device
                0x00001458       0x34 cupdi/updi/nvm.o
                0x00001458                nvm_unlock_device
 .text.nvm_chip_erase
                0x0000148c       0x34 cupdi/updi/nvm.o
                0x0000148c                nvm_chip_erase
 .text._nvm_write_fuse
                0x000014c0       0xa8 cupdi/updi/nvm.o
                0x000014c0                _nvm_write_fuse
 .text.nvm_read_mem
                0x00001568       0x58 cupdi/updi/nvm.o
                0x00001568                nvm_read_mem
 .text._nvm_read_common
                0x000015c0       0x54 cupdi/updi/nvm.o
                0x000015c0                _nvm_read_common
 .text.nvm_get_block_info
                0x00001614       0x28 cupdi/updi/nvm.o
                0x00001614                nvm_get_block_info
 .text.nvm_write_flash
                0x0000163c       0xd0 cupdi/updi/nvm.o
                0x0000163c                nvm_write_flash
 .text.nvm_read_fuse
                0x0000170c       0x38 cupdi/updi/nvm.o
                0x0000170c                nvm_read_fuse
 .text.nvm_write_fuse
                0x00001744       0x50 cupdi/updi/nvm.o
                0x00001744                nvm_write_fuse
 .text.updi_physical_deinit
                0x00001794       0x24 cupdi/updi/physical.o
                0x00001794                updi_physical_deinit
 .text.phy_set_baudrate
                0x000017b8       0x50 cupdi/updi/physical.o
                0x000017b8                phy_set_baudrate
 .text.phy_send_each
                0x00001808       0x9c cupdi/updi/physical.o
                0x00001808                phy_send_each
 .text.phy_send
                0x000018a4       0xb0 cupdi/updi/physical.o
                0x000018a4                phy_send
 .text.phy_send_double_break
                0x00001954       0x74 cupdi/updi/physical.o
                0x00001954                phy_send_double_break
 .text.updi_physical_init
                0x000019c8       0x5c cupdi/updi/physical.o
                0x000019c8                updi_physical_init
 .text.phy_send_byte
                0x00001a24       0x18 cupdi/updi/physical.o
                0x00001a24                phy_send_byte
 .text.phy_receive
                0x00001a3c       0x4c cupdi/updi/physical.o
                0x00001a3c                phy_receive
 .text.phy_transfer
                0x00001a88       0x30 cupdi/updi/physical.o
                0x00001a88                phy_transfer
 .text.phy_sib  0x00001ab8       0x58 cupdi/updi/physical.o
                0x00001ab8                phy_sib
 .text.Dummy_Handler
                0x00001b10        0x2 Device_Startup/startup_saml21.o
                0x00001b10                SVCall_Handler
                0x00001b10                DMAC_Handler
                0x00001b10                TRNG_Handler
                0x00001b10                HardFault_Handler
                0x00001b10                TC2_Handler
                0x00001b10                AC_Handler
                0x00001b10                SysTick_Handler
                0x00001b10                PendSV_Handler
                0x00001b10                SERCOM1_Handler
                0x00001b10                ADC_Handler
                0x00001b10                NonMaskableInt_Handler
                0x00001b10                TCC1_Handler
                0x00001b10                SERCOM2_Handler
                0x00001b10                TCC0_Handler
                0x00001b10                RTC_Handler
                0x00001b10                EIC_Handler
                0x00001b10                WDT_Handler
                0x00001b10                TC4_Handler
                0x00001b10                TC1_Handler
                0x00001b10                USB_Handler
                0x00001b10                TC3_Handler
                0x00001b10                Dummy_Handler
                0x00001b10                SERCOM5_Handler
                0x00001b10                TCC2_Handler
                0x00001b10                EVSYS_Handler
                0x00001b10                SERCOM3_Handler
                0x00001b10                NVMCTRL_Handler
                0x00001b10                SYSTEM_Handler
                0x00001b10                SERCOM0_Handler
                0x00001b10                DAC_Handler
                0x00001b10                PTC_Handler
                0x00001b10                TC0_Handler
                0x00001b10                AES_Handler
 *fill*         0x00001b12        0x2 
 .text.Reset_Handler
                0x00001b14       0x70 Device_Startup/startup_saml21.o
                0x00001b14                Reset_Handler
 .text.USART_0_CLOCK_init
                0x00001b84       0x24 driver_init.o
                0x00001b84                USART_0_CLOCK_init
 .text.USART_0_PORT_init
                0x00001ba8       0x3c driver_init.o
                0x00001ba8                USART_0_PORT_init
 .text.USART_0_init
                0x00001be4       0x34 driver_init.o
                0x00001be4                USART_0_init
 .text.system_init
                0x00001c18       0x14 driver_init.o
                0x00001c18                system_init
 .text.atomic_enter_critical
                0x00001c2c        0xe hal/src/hal_atomic.o
                0x00001c2c                atomic_enter_critical
 .text.atomic_leave_critical
                0x00001c3a        0xc hal/src/hal_atomic.o
                0x00001c3a                atomic_leave_critical
 *fill*         0x00001c46        0x2 
 .text.delay_ms
                0x00001c48       0x20 hal/src/hal_delay.o
                0x00001c48                delay_ms
 .text.io_write
                0x00001c68       0x30 hal/src/hal_io.o
                0x00001c68                io_write
 .text.io_read  0x00001c98       0x30 hal/src/hal_io.o
                0x00001c98                io_read
 .text.usart_transmission_complete
                0x00001cc8       0x12 hal/src/hal_usart_async.o
 .text.usart_error
                0x00001cda       0x12 hal/src/hal_usart_async.o
 .text.usart_fill_rx_buffer
                0x00001cec       0x1c hal/src/hal_usart_async.o
 .text.usart_async_write
                0x00001d08       0x5c hal/src/hal_usart_async.o
 .text.usart_process_byte_sent
                0x00001d64       0x3c hal/src/hal_usart_async.o
 .text.usart_async_read
                0x00001da0       0x78 hal/src/hal_usart_async.o
 .text.usart_async_init
                0x00001e18       0x8c hal/src/hal_usart_async.o
                0x00001e18                usart_async_init
 .text.usart_async_enable
                0x00001ea4       0x2c hal/src/hal_usart_async.o
                0x00001ea4                usart_async_enable
 .text.usart_async_disable
                0x00001ed0       0x2c hal/src/hal_usart_async.o
                0x00001ed0                usart_async_disable
 .text.usart_async_get_io_descriptor
                0x00001efc       0x28 hal/src/hal_usart_async.o
                0x00001efc                usart_async_get_io_descriptor
 .text.usart_async_register_callback
                0x00001f24       0x6c hal/src/hal_usart_async.o
                0x00001f24                usart_async_register_callback
 .text.usart_async_set_baud_rate
                0x00001f90       0x30 hal/src/hal_usart_async.o
                0x00001f90                usart_async_set_baud_rate
 .text.usart_async_set_parity
                0x00001fc0       0x30 hal/src/hal_usart_async.o
                0x00001fc0                usart_async_set_parity
 .text.usart_async_set_stopbits
                0x00001ff0       0x30 hal/src/hal_usart_async.o
                0x00001ff0                usart_async_set_stopbits
 .text.usart_async_set_character_size
                0x00002020       0x30 hal/src/hal_usart_async.o
                0x00002020                usart_async_set_character_size
 .text.usart_async_flush_rx_buffer
                0x00002050       0x2c hal/src/hal_usart_async.o
                0x00002050                usart_async_flush_rx_buffer
 .text.assert   0x0000207c        0x8 hal/utils/src/utils_assert.o
                0x0000207c                assert
 .text.ringbuffer_init
                0x00002084       0x40 hal/utils/src/utils_ringbuffer.o
                0x00002084                ringbuffer_init
 .text.ringbuffer_get
                0x000020c4       0x44 hal/utils/src/utils_ringbuffer.o
                0x000020c4                ringbuffer_get
 .text.ringbuffer_put
                0x00002108       0x40 hal/utils/src/utils_ringbuffer.o
                0x00002108                ringbuffer_put
 .text.ringbuffer_num
                0x00002148       0x24 hal/utils/src/utils_ringbuffer.o
                0x00002148                ringbuffer_num
 .text.ringbuffer_flush
                0x0000216c       0x24 hal/utils/src/utils_ringbuffer.o
                0x0000216c                ringbuffer_flush
 .text._get_cycles_for_ms
                0x00002190       0x1c hpl/core/hpl_core_m0plus_base.o
                0x00002190                _get_cycles_for_ms
 .text._delay_cycles
                0x000021ac        0x6 hpl/core/hpl_core_m0plus_base.o
                0x000021ac                _delay_cycles
 *fill*         0x000021b2        0x2 
 .text._init_chip
                0x000021b4       0x44 hpl/core/hpl_init.o
                0x000021b4                _init_chip
 .text._gclk_init_generators_by_fref
                0x000021f8       0x20 hpl/gclk/hpl_gclk.o
                0x000021f8                _gclk_init_generators_by_fref
 .text._mclk_init
                0x00002218       0x14 hpl/mclk/hpl_mclk.o
                0x00002218                _mclk_init
 .text._osc32kctrl_init_sources
                0x0000222c       0x18 hpl/osc32kctrl/hpl_osc32kctrl.o
                0x0000222c                _osc32kctrl_init_sources
 .text._oscctrl_init_sources
                0x00002244       0x38 hpl/oscctrl/hpl_oscctrl.o
                0x00002244                _oscctrl_init_sources
 .text._oscctrl_init_referenced_generators
                0x0000227c        0x2 hpl/oscctrl/hpl_oscctrl.o
                0x0000227c                _oscctrl_init_referenced_generators
 .text._set_performance_level
                0x0000227e       0x24 hpl/pm/hpl_pm.o
                0x0000227e                _set_performance_level
 *fill*         0x000022a2        0x2 
 .text.__NVIC_EnableIRQ
                0x000022a4       0x18 hpl/sercom/hpl_sercom.o
 .text.__NVIC_DisableIRQ
                0x000022bc       0x20 hpl/sercom/hpl_sercom.o
 .text.__NVIC_ClearPendingIRQ
                0x000022dc       0x1c hpl/sercom/hpl_sercom.o
 .text.hri_sercomusart_wait_for_sync
                0x000022f8        0x8 hpl/sercom/hpl_sercom.o
 .text.hri_sercomusart_get_CTRLA_ENABLE_bit
                0x00002300       0x18 hpl/sercom/hpl_sercom.o
 .text.hri_sercomusart_write_CTRLA_ENABLE_bit
                0x00002318       0x1c hpl/sercom/hpl_sercom.o
 .text.hri_sercomusart_clear_CTRLA_ENABLE_bit
                0x00002334       0x18 hpl/sercom/hpl_sercom.o
 .text._usart_set_baud_rate
                0x0000234c       0x4c hpl/sercom/hpl_sercom.o
 .text._usart_set_stop_bits
                0x00002398       0x60 hpl/sercom/hpl_sercom.o
 .text._usart_set_character_size
                0x000023f8       0x60 hpl/sercom/hpl_sercom.o
 .text._usart_set_parity
                0x00002458       0x84 hpl/sercom/hpl_sercom.o
 .text._usart_init
                0x000024dc       0x94 hpl/sercom/hpl_sercom.o
 .text._sercom_get_irq_num
                0x00002570       0x1c hpl/sercom/hpl_sercom.o
 .text._usart_async_init
                0x0000258c       0x6c hpl/sercom/hpl_sercom.o
                0x0000258c                _usart_async_init
 .text._usart_async_enable
                0x000025f8       0x18 hpl/sercom/hpl_sercom.o
                0x000025f8                _usart_async_enable
 .text._usart_async_disable
                0x00002610       0x10 hpl/sercom/hpl_sercom.o
                0x00002610                _usart_async_disable
 .text._usart_async_set_baud_rate
                0x00002620       0x10 hpl/sercom/hpl_sercom.o
                0x00002620                _usart_async_set_baud_rate
 .text._usart_async_set_parity
                0x00002630       0x10 hpl/sercom/hpl_sercom.o
                0x00002630                _usart_async_set_parity
 .text._usart_async_set_stop_bits
                0x00002640       0x10 hpl/sercom/hpl_sercom.o
                0x00002640                _usart_async_set_stop_bits
 .text._usart_async_set_character_size
                0x00002650       0x10 hpl/sercom/hpl_sercom.o
                0x00002650                _usart_async_set_character_size
 .text._usart_async_write_byte
                0x00002660        0x8 hpl/sercom/hpl_sercom.o
                0x00002660                _usart_async_write_byte
 .text._usart_async_enable_byte_sent_irq
                0x00002668        0x8 hpl/sercom/hpl_sercom.o
                0x00002668                _usart_async_enable_byte_sent_irq
 .text._usart_async_enable_tx_done_irq
                0x00002670        0x8 hpl/sercom/hpl_sercom.o
                0x00002670                _usart_async_enable_tx_done_irq
 .text._usart_async_set_irq_state
                0x00002678       0x58 hpl/sercom/hpl_sercom.o
                0x00002678                _usart_async_set_irq_state
 .text.SERCOM4_Handler
                0x000026d0       0x6c hpl/sercom/hpl_sercom.o
                0x000026d0                SERCOM4_Handler
 .text.startup.main
                0x0000273c       0x14 main.o
                0x0000273c                main
 .text          0x00002750       0x14 c:/program files (x86)/atmel/studio/7.0/toolchain/arm/arm-gnu-toolchain/bin/../lib/gcc/arm-none-eabi/6.3.1/thumb/v6-m\libgcc.a(_thumb1_case_uqi.o)
                0x00002750                __gnu_thumb1_case_uqi
 .text          0x00002764      0x114 c:/program files (x86)/atmel/studio/7.0/toolchain/arm/arm-gnu-toolchain/bin/../lib/gcc/arm-none-eabi/6.3.1/thumb/v6-m\libgcc.a(_udivsi3.o)
                0x00002764                __aeabi_uidiv
                0x00002764                __udivsi3
                0x00002870                __aeabi_uidivmod
 .text          0x00002878      0x1d4 c:/program files (x86)/atmel/studio/7.0/toolchain/arm/arm-gnu-toolchain/bin/../lib/gcc/arm-none-eabi/6.3.1/thumb/v6-m\libgcc.a(_divsi3.o)
                0x00002878                __divsi3
                0x00002878                __aeabi_idiv
                0x00002a44                __aeabi_idivmod
 .text          0x00002a4c        0x4 c:/program files (x86)/atmel/studio/7.0/toolchain/arm/arm-gnu-toolchain/bin/../lib/gcc/arm-none-eabi/6.3.1/thumb/v6-m\libgcc.a(_dvmd_tls.o)
                0x00002a4c                __aeabi_idiv0
                0x00002a4c                __aeabi_ldiv0
 .text          0x00002a50       0x30 c:/program files (x86)/atmel/studio/7.0/toolchain/arm/arm-gnu-toolchain/bin/../lib/gcc/arm-none-eabi/6.3.1/thumb/v6-m\libgcc.a(_fixunssfsi.o)
                0x00002a50                __fixunssfsi
                0x00002a50                __aeabi_f2uiz
 .text          0x00002a80      0x240 c:/program files (x86)/atmel/studio/7.0/toolchain/arm/arm-gnu-toolchain/bin/../lib/gcc/arm-none-eabi/6.3.1/thumb/v6-m\libgcc.a(mulsf3.o)
                0x00002a80                __aeabi_fmul
 .text          0x00002cc0      0x338 c:/program files (x86)/atmel/studio/7.0/toolchain/arm/arm-gnu-toolchain/bin/../lib/gcc/arm-none-eabi/6.3.1/thumb/v6-m\libgcc.a(subsf3.o)
                0x00002cc0                __aeabi_fsub
 .text          0x00002ff8       0x40 c:/program files (x86)/atmel/studio/7.0/toolchain/arm/arm-gnu-toolchain/bin/../lib/gcc/arm-none-eabi/6.3.1/thumb/v6-m\libgcc.a(fixsfsi.o)
                0x00002ff8                __aeabi_f2iz
 .text          0x00003038       0x8c c:/program files (x86)/atmel/studio/7.0/toolchain/arm/arm-gnu-toolchain/bin/../lib/gcc/arm-none-eabi/6.3.1/thumb/v6-m\libgcc.a(floatunsisf.o)
                0x00003038                __aeabi_ui2f
 .text          0x000030c4       0x74 c:/program files (x86)/atmel/studio/7.0/toolchain/arm/arm-gnu-toolchain/bin/../lib/gcc/arm-none-eabi/6.3.1/thumb/v6-m\libgcc.a(_arm_cmpsf2.o)
                0x000030c4                __aeabi_cfrcmple
                0x000030cc                __aeabi_cfcmpeq
                0x000030cc                __aeabi_cfcmple
                0x000030dc                __aeabi_fcmpeq
                0x000030e8                __aeabi_fcmplt
                0x000030fc                __aeabi_fcmple
                0x00003110                __aeabi_fcmpgt
                0x00003124                __aeabi_fcmpge
 .text          0x00003138       0x3c c:/program files (x86)/atmel/studio/7.0/toolchain/arm/arm-gnu-toolchain/bin/../lib/gcc/arm-none-eabi/6.3.1/thumb/v6-m\libgcc.a(_clzsi2.o)
                0x00003138                __clzsi2
 .text          0x00003174       0x4c c:/program files (x86)/atmel/studio/7.0/toolchain/arm/arm-gnu-toolchain/bin/../lib/gcc/arm-none-eabi/6.3.1/thumb/v6-m\libgcc.a(eqsf2.o)
                0x00003174                __eqsf2
                0x00003174                __nesf2
 .text          0x000031c0       0x80 c:/program files (x86)/atmel/studio/7.0/toolchain/arm/arm-gnu-toolchain/bin/../lib/gcc/arm-none-eabi/6.3.1/thumb/v6-m\libgcc.a(gesf2.o)
                0x000031c0                __gesf2
                0x000031c0                __gtsf2
 .text          0x00003240       0x84 c:/program files (x86)/atmel/studio/7.0/toolchain/arm/arm-gnu-toolchain/bin/../lib/gcc/arm-none-eabi/6.3.1/thumb/v6-m\libgcc.a(lesf2.o)
                0x00003240                __ltsf2
                0x00003240                __lesf2
 .text.__libc_init_array
                0x000032c4       0x48 c:/program files (x86)/atmel/studio/7.0/toolchain/arm/arm-gnu-toolchain/bin/../lib/gcc/arm-none-eabi/6.3.1/../../../../arm-none-eabi/lib/thumb/v6-m\libc_nano.a(lib_a-init.o)
                0x000032c4                __libc_init_array
 .text.memcpy   0x0000330c       0x12 c:/program files (x86)/atmel/studio/7.0/toolchain/arm/arm-gnu-toolchain/bin/../lib/gcc/arm-none-eabi/6.3.1/../../../../arm-none-eabi/lib/thumb/v6-m\libc_nano.a(lib_a-memcpy-stub.o)
                0x0000330c                memcpy
 .text.memset   0x0000331e       0x10 c:/program files (x86)/atmel/studio/7.0/toolchain/arm/arm-gnu-toolchain/bin/../lib/gcc/arm-none-eabi/6.3.1/../../../../arm-none-eabi/lib/thumb/v6-m\libc_nano.a(lib_a-memset.o)
                0x0000331e                memset
 *(.glue_7t)
 .glue_7t       0x0000332e        0x0 linker stubs
 *(.glue_7)
 .glue_7        0x0000332e        0x0 linker stubs
 *(.rodata .rodata* .gnu.linkonce.r.*)
 .rodata.str1.1
                0x0000332e        0x9 cupdi/cupdi.o
 *fill*         0x00003337        0x1 
 .rodata        0x00003338       0x2c cupdi/device/device.o
                0x00003340                device_tiny_161x
 .rodata.str1.1
                0x00003364        0x9 cupdi/device/device.o
                                 0x12 (size before relaxing)
 .rodata        0x0000336d     0x1e4a cupdi/hex_file/ihex.o
                0x0000336d                bindata0
 .rodata.str1.1
                0x000051b7       0x12 cupdi/updi/application.o
 .rodata        0x000051c9        0x4 cupdi/updi/link.o
 .rodata        0x000051cd        0x2 cupdi/updi/physical.o
 .rodata.str1.1
                0x000051cf       0x14 hal/src/hal_io.o
 .rodata.str1.1
                0x000051e3       0x1d hal/src/hal_usart_async.o
 .rodata.str1.1
                0x00005200       0x24 hal/utils/src/utils_ringbuffer.o
 .rodata.str1.1
                0x00005224       0x1b hpl/sercom/hpl_sercom.o
 *fill*         0x0000523f        0x1 
 .rodata        0x00005240       0x40 c:/program files (x86)/atmel/studio/7.0/toolchain/arm/arm-gnu-toolchain/bin/../lib/gcc/arm-none-eabi/6.3.1/thumb/v6-m\libgcc.a(mulsf3.o)
 *(.ARM.extab* .gnu.linkonce.armextab.*)
                0x00005280                . = ALIGN (0x4)
 *(.init)
 .init          0x00005280        0x4 c:/program files (x86)/atmel/studio/7.0/toolchain/arm/arm-gnu-toolchain/bin/../lib/gcc/arm-none-eabi/6.3.1/thumb/v6-m/crti.o
                0x00005280                _init
 .init          0x00005284        0x8 c:/program files (x86)/atmel/studio/7.0/toolchain/arm/arm-gnu-toolchain/bin/../lib/gcc/arm-none-eabi/6.3.1/thumb/v6-m/crtn.o
                0x0000528c                . = ALIGN (0x4)
                0x0000528c                __preinit_array_start = .
 *(.preinit_array)
                0x0000528c                __preinit_array_end = .
                0x0000528c                . = ALIGN (0x4)
                0x0000528c                __init_array_start = .
 *(SORT(.init_array.*))
 *(.init_array)
 .init_array    0x0000528c        0x4 c:/program files (x86)/atmel/studio/7.0/toolchain/arm/arm-gnu-toolchain/bin/../lib/gcc/arm-none-eabi/6.3.1/thumb/v6-m/crtbegin.o
                0x00005290                __init_array_end = .
                0x00005290                . = ALIGN (0x4)
 *crtbegin.o(.ctors)
 *(EXCLUDE_FILE(*crtend.o) .ctors)
 *(SORT(.ctors.*))
 *crtend.o(.ctors)
                0x00005290                . = ALIGN (0x4)
 *(.fini)
 .fini          0x00005290        0x4 c:/program files (x86)/atmel/studio/7.0/toolchain/arm/arm-gnu-toolchain/bin/../lib/gcc/arm-none-eabi/6.3.1/thumb/v6-m/crti.o
                0x00005290                _fini
 .fini          0x00005294        0x8 c:/program files (x86)/atmel/studio/7.0/toolchain/arm/arm-gnu-toolchain/bin/../lib/gcc/arm-none-eabi/6.3.1/thumb/v6-m/crtn.o
                0x0000529c                . = ALIGN (0x4)
                0x0000529c                __fini_array_start = .
 *(.fini_array)
 .fini_array    0x0000529c        0x4 c:/program files (x86)/atmel/studio/7.0/toolchain/arm/arm-gnu-toolchain/bin/../lib/gcc/arm-none-eabi/6.3.1/thumb/v6-m/crtbegin.o
 *(SORT(.fini_array.*))
                0x000052a0                __fini_array_end = .
 *crtbegin.o(.dtors)
 *(EXCLUDE_FILE(*crtend.o) .dtors)
 *(SORT(.dtors.*))
 *crtend.o(.dtors)
                0x000052a0                . = ALIGN (0x4)
                0x000052a0                _efixed = .
                [!provide]                PROVIDE (__exidx_start, .)

.vfp11_veneer   0x000052a0        0x0
 .vfp11_veneer  0x000052a0        0x0 linker stubs

.v4_bx          0x000052a0        0x0
 .v4_bx         0x000052a0        0x0 linker stubs

.iplt           0x000052a0        0x0
 .iplt          0x000052a0        0x0 c:/program files (x86)/atmel/studio/7.0/toolchain/arm/arm-gnu-toolchain/bin/../lib/gcc/arm-none-eabi/6.3.1/thumb/v6-m/crtbegin.o

.eh_frame       0x000052a0        0x0
 .eh_frame      0x000052a0        0x0 c:/program files (x86)/atmel/studio/7.0/toolchain/arm/arm-gnu-toolchain/bin/../lib/gcc/arm-none-eabi/6.3.1/thumb/v6-m/crtbegin.o

.rel.dyn        0x000052a0        0x0
 .rel.iplt      0x000052a0        0x0 c:/program files (x86)/atmel/studio/7.0/toolchain/arm/arm-gnu-toolchain/bin/../lib/gcc/arm-none-eabi/6.3.1/thumb/v6-m/crtbegin.o

.jcr            0x000052a0        0x0
 .jcr           0x000052a0        0x0 c:/program files (x86)/atmel/studio/7.0/toolchain/arm/arm-gnu-toolchain/bin/../lib/gcc/arm-none-eabi/6.3.1/thumb/v6-m/crtbegin.o

.igot.plt       0x000052a0        0x0
 .igot.plt      0x000052a0        0x0 c:/program files (x86)/atmel/studio/7.0/toolchain/arm/arm-gnu-toolchain/bin/../lib/gcc/arm-none-eabi/6.3.1/thumb/v6-m/crtbegin.o

.ARM.exidx
 *(.ARM.exidx* .gnu.linkonce.armexidx.*)
                [!provide]                PROVIDE (__exidx_end, .)
                0x000052a0                . = ALIGN (0x4)
                0x000052a0                _etext = .

.relocate       0x20000000      0x510 load address 0x000052a0
                0x20000000                . = ALIGN (0x4)
                0x20000000                _srelocate = .
 *(.ramfunc .ramfunc.*)
 *(.data .data.*)
 .data          0x20000000        0xb cupdi/cupdi.o
                0x20000000                fuse_data
 *fill*         0x2000000b        0x1 
 .data          0x2000000c      0x504 cupdi/hex_file/ihex.o
                0x2000000c                hexdata
                0x20000510                . = ALIGN (0x4)
                0x20000510                _erelocate = .

.lpram          0x30000000        0x0
                0x30000000                . = ALIGN (0x8)
                0x30000000                _slpram = .
 *(.lpram .lpram.*)
                0x30000000                . = ALIGN (0x8)
                0x30000000                _elpram = .

.bss            0x20000510       0xe8 load address 0x000057b0
                0x20000510                . = ALIGN (0x4)
                0x20000510                _sbss = .
                0x20000510                _szero = .
 *(.bss .bss.*)
 .bss           0x20000510       0x1c c:/program files (x86)/atmel/studio/7.0/toolchain/arm/arm-gnu-toolchain/bin/../lib/gcc/arm-none-eabi/6.3.1/thumb/v6-m/crtbegin.o
 .bss           0x2000052c       0x20 driver_init.o
 .bss           0x2000054c        0x4 hal/src/hal_delay.o
 .bss           0x20000550        0x4 hpl/sercom/hpl_sercom.o
 *(COMMON)
 COMMON         0x20000554        0xc cupdi/platform/serial.o
                0x20000554                iodes
                0x20000558                sercom
 COMMON         0x20000560        0xc cupdi/updi/application.o
                0x20000560                application
 COMMON         0x2000056c        0x8 cupdi/updi/link.o
                0x2000056c                datalink
 COMMON         0x20000574       0x10 cupdi/updi/nvm.o
                0x20000574                nvmmem
 COMMON         0x20000584       0x24 cupdi/updi/physical.o
                0x20000584                buffer
                0x20000594                physical
 COMMON         0x200005a8       0x50 driver_init.o
                0x200005a8                USART_0
                0x200005f8                . = ALIGN (0x4)
                0x200005f8                _ebss = .
                0x200005f8                _ezero = .

.stack          0x200005f8     0x2000 load address 0x00005898
                0x200005f8                . = ALIGN (0x8)
                0x200005f8                _sstack = .
                0x200025f8                . = (. + STACK_SIZE)
 *fill*         0x200005f8     0x2000 
                0x200025f8                . = ALIGN (0x8)
                0x200025f8                _estack = .
                0x200025f8                . = ALIGN (0x4)
                0x200025f8                _end = .
OUTPUT(updi_test_V4.elf elf32-littlearm)

.ARM.attributes
                0x00000000       0x28
 .ARM.attributes
                0x00000000       0x1e c:/program files (x86)/atmel/studio/7.0/toolchain/arm/arm-gnu-toolchain/bin/../lib/gcc/arm-none-eabi/6.3.1/thumb/v6-m/crti.o
 .ARM.attributes
                0x0000001e       0x2c c:/program files (x86)/atmel/studio/7.0/toolchain/arm/arm-gnu-toolchain/bin/../lib/gcc/arm-none-eabi/6.3.1/thumb/v6-m/crtbegin.o
 .ARM.attributes
                0x0000004a       0x2e atmel_start.o
 .ARM.attributes
                0x00000078       0x2e cupdi/cupdi.o
 .ARM.attributes
                0x000000a6       0x2e cupdi/device/device.o
 .ARM.attributes
                0x000000d4       0x2e cupdi/hex_file/ihex.o
 .ARM.attributes
                0x00000102       0x2e cupdi/platform/delay.o
 .ARM.attributes
                0x00000130       0x2e cupdi/platform/serial.o
 .ARM.attributes
                0x0000015e       0x2e cupdi/updi/application.o
 .ARM.attributes
                0x0000018c       0x2e cupdi/updi/link.o
 .ARM.attributes
                0x000001ba       0x2e cupdi/updi/nvm.o
 .ARM.attributes
                0x000001e8       0x2e cupdi/updi/physical.o
 .ARM.attributes
                0x00000216       0x2e Device_Startup/startup_saml21.o
 .ARM.attributes
                0x00000244       0x2e driver_init.o
 .ARM.attributes
                0x00000272       0x2e hal/src/hal_atomic.o
 .ARM.attributes
                0x000002a0       0x2e hal/src/hal_delay.o
 .ARM.attributes
                0x000002ce       0x2e hal/src/hal_io.o
 .ARM.attributes
                0x000002fc       0x2e hal/src/hal_usart_async.o
 .ARM.attributes
                0x0000032a       0x2e hal/utils/src/utils_assert.o
 .ARM.attributes
                0x00000358       0x2e hal/utils/src/utils_ringbuffer.o
 .ARM.attributes
                0x00000386       0x2e hpl/core/hpl_core_m0plus_base.o
 .ARM.attributes
                0x000003b4       0x2e hpl/core/hpl_init.o
 .ARM.attributes
                0x000003e2       0x2e hpl/gclk/hpl_gclk.o
 .ARM.attributes
                0x00000410       0x2e hpl/mclk/hpl_mclk.o
 .ARM.attributes
                0x0000043e       0x2e hpl/osc32kctrl/hpl_osc32kctrl.o
 .ARM.attributes
                0x0000046c       0x2e hpl/oscctrl/hpl_oscctrl.o
 .ARM.attributes
                0x0000049a       0x2e hpl/pm/hpl_pm.o
 .ARM.attributes
                0x000004c8       0x2e hpl/sercom/hpl_sercom.o
 .ARM.attributes
                0x000004f6       0x2e main.o
 .ARM.attributes
                0x00000524       0x1e c:/program files (x86)/atmel/studio/7.0/toolchain/arm/arm-gnu-toolchain/bin/../lib/gcc/arm-none-eabi/6.3.1/thumb/v6-m\libgcc.a(_thumb1_case_uqi.o)
 .ARM.attributes
                0x00000542       0x1e c:/program files (x86)/atmel/studio/7.0/toolchain/arm/arm-gnu-toolchain/bin/../lib/gcc/arm-none-eabi/6.3.1/thumb/v6-m\libgcc.a(_udivsi3.o)
 .ARM.attributes
                0x00000560       0x1e c:/program files (x86)/atmel/studio/7.0/toolchain/arm/arm-gnu-toolchain/bin/../lib/gcc/arm-none-eabi/6.3.1/thumb/v6-m\libgcc.a(_divsi3.o)
 .ARM.attributes
                0x0000057e       0x1e c:/program files (x86)/atmel/studio/7.0/toolchain/arm/arm-gnu-toolchain/bin/../lib/gcc/arm-none-eabi/6.3.1/thumb/v6-m\libgcc.a(_dvmd_tls.o)
 .ARM.attributes
                0x0000059c       0x2c c:/program files (x86)/atmel/studio/7.0/toolchain/arm/arm-gnu-toolchain/bin/../lib/gcc/arm-none-eabi/6.3.1/thumb/v6-m\libgcc.a(_fixunssfsi.o)
 .ARM.attributes
                0x000005c8       0x2c c:/program files (x86)/atmel/studio/7.0/toolchain/arm/arm-gnu-toolchain/bin/../lib/gcc/arm-none-eabi/6.3.1/thumb/v6-m\libgcc.a(mulsf3.o)
 .ARM.attributes
                0x000005f4       0x2c c:/program files (x86)/atmel/studio/7.0/toolchain/arm/arm-gnu-toolchain/bin/../lib/gcc/arm-none-eabi/6.3.1/thumb/v6-m\libgcc.a(subsf3.o)
 .ARM.attributes
                0x00000620       0x2c c:/program files (x86)/atmel/studio/7.0/toolchain/arm/arm-gnu-toolchain/bin/../lib/gcc/arm-none-eabi/6.3.1/thumb/v6-m\libgcc.a(fixsfsi.o)
 .ARM.attributes
                0x0000064c       0x2c c:/program files (x86)/atmel/studio/7.0/toolchain/arm/arm-gnu-toolchain/bin/../lib/gcc/arm-none-eabi/6.3.1/thumb/v6-m\libgcc.a(floatunsisf.o)
 .ARM.attributes
                0x00000678       0x1e c:/program files (x86)/atmel/studio/7.0/toolchain/arm/arm-gnu-toolchain/bin/../lib/gcc/arm-none-eabi/6.3.1/thumb/v6-m\libgcc.a(_arm_cmpsf2.o)
 .ARM.attributes
                0x00000696       0x1e c:/program files (x86)/atmel/studio/7.0/toolchain/arm/arm-gnu-toolchain/bin/../lib/gcc/arm-none-eabi/6.3.1/thumb/v6-m\libgcc.a(_clzsi2.o)
 .ARM.attributes
                0x000006b4       0x2c c:/program files (x86)/atmel/studio/7.0/toolchain/arm/arm-gnu-toolchain/bin/../lib/gcc/arm-none-eabi/6.3.1/thumb/v6-m\libgcc.a(eqsf2.o)
 .ARM.attributes
                0x000006e0       0x2c c:/program files (x86)/atmel/studio/7.0/toolchain/arm/arm-gnu-toolchain/bin/../lib/gcc/arm-none-eabi/6.3.1/thumb/v6-m\libgcc.a(gesf2.o)
 .ARM.attributes
                0x0000070c       0x2c c:/program files (x86)/atmel/studio/7.0/toolchain/arm/arm-gnu-toolchain/bin/../lib/gcc/arm-none-eabi/6.3.1/thumb/v6-m\libgcc.a(lesf2.o)
 .ARM.attributes
                0x00000738       0x2c c:/program files (x86)/atmel/studio/7.0/toolchain/arm/arm-gnu-toolchain/bin/../lib/gcc/arm-none-eabi/6.3.1/../../../../arm-none-eabi/lib/thumb/v6-m\libc_nano.a(lib_a-init.o)
 .ARM.attributes
                0x00000764       0x2c c:/program files (x86)/atmel/studio/7.0/toolchain/arm/arm-gnu-toolchain/bin/../lib/gcc/arm-none-eabi/6.3.1/../../../../arm-none-eabi/lib/thumb/v6-m\libc_nano.a(lib_a-memcpy-stub.o)
 .ARM.attributes
                0x00000790       0x2c c:/program files (x86)/atmel/studio/7.0/toolchain/arm/arm-gnu-toolchain/bin/../lib/gcc/arm-none-eabi/6.3.1/../../../../arm-none-eabi/lib/thumb/v6-m\libc_nano.a(lib_a-memset.o)
 .ARM.attributes
                0x000007bc       0x1e c:/program files (x86)/atmel/studio/7.0/toolchain/arm/arm-gnu-toolchain/bin/../lib/gcc/arm-none-eabi/6.3.1/thumb/v6-m/crtn.o

.comment        0x00000000       0x59
 .comment       0x00000000       0x59 atmel_start.o
                                 0x5a (size before relaxing)
 .comment       0x00000059       0x5a cupdi/cupdi.o
 .comment       0x00000059       0x5a cupdi/device/device.o
 .comment       0x00000059       0x5a cupdi/hex_file/ihex.o
 .comment       0x00000059       0x5a cupdi/platform/delay.o
 .comment       0x00000059       0x5a cupdi/platform/serial.o
 .comment       0x00000059       0x5a cupdi/updi/application.o
 .comment       0x00000059       0x5a cupdi/updi/link.o
 .comment       0x00000059       0x5a cupdi/updi/nvm.o
 .comment       0x00000059       0x5a cupdi/updi/physical.o
 .comment       0x00000059       0x5a Device_Startup/startup_saml21.o
 .comment       0x00000059       0x5a driver_init.o
 .comment       0x00000059       0x5a hal/src/hal_atomic.o
 .comment       0x00000059       0x5a hal/src/hal_delay.o
 .comment       0x00000059       0x5a hal/src/hal_io.o
 .comment       0x00000059       0x5a hal/src/hal_usart_async.o
 .comment       0x00000059       0x5a hal/utils/src/utils_assert.o
 .comment       0x00000059       0x5a hal/utils/src/utils_ringbuffer.o
 .comment       0x00000059       0x5a hpl/core/hpl_core_m0plus_base.o
 .comment       0x00000059       0x5a hpl/core/hpl_init.o
 .comment       0x00000059       0x5a hpl/gclk/hpl_gclk.o
 .comment       0x00000059       0x5a hpl/mclk/hpl_mclk.o
 .comment       0x00000059       0x5a hpl/osc32kctrl/hpl_osc32kctrl.o
 .comment       0x00000059       0x5a hpl/oscctrl/hpl_oscctrl.o
 .comment       0x00000059       0x5a hpl/pm/hpl_pm.o
 .comment       0x00000059       0x5a hpl/sercom/hpl_sercom.o
 .comment       0x00000059       0x5a main.o

.debug_info     0x00000000    0x1dccc
 .debug_info    0x00000000      0x3d3 atmel_start.o
 .debug_info    0x000003d3     0x1097 cupdi/cupdi.o
 .debug_info    0x0000146a      0xc27 cupdi/device/device.o
 .debug_info    0x00002091      0x194 cupdi/hex_file/ihex.o
 .debug_info    0x00002225       0xe5 cupdi/platform/delay.o
 .debug_info    0x0000230a     0x1357 cupdi/platform/serial.o
 .debug_info    0x00003661     0x1dac cupdi/updi/application.o
 .debug_info    0x0000540d     0x18f4 cupdi/updi/link.o
 .debug_info    0x00006d01     0x173a cupdi/updi/nvm.o
 .debug_info    0x0000843b     0x13f3 cupdi/updi/physical.o
 .debug_info    0x0000982e      0xa27 Device_Startup/startup_saml21.o
 .debug_info    0x0000a255     0x38da driver_init.o
 .debug_info    0x0000db2f      0x1d1 hal/src/hal_atomic.o
 .debug_info    0x0000dd00      0x1dc hal/src/hal_delay.o
 .debug_info    0x0000dedc      0x2b2 hal/src/hal_io.o
 .debug_info    0x0000e18e     0x1225 hal/src/hal_usart_async.o
 .debug_info    0x0000f3b3      0x107 hal/utils/src/utils_assert.o
 .debug_info    0x0000f4ba      0x2f1 hal/utils/src/utils_ringbuffer.o
 .debug_info    0x0000f7ab      0x859 hpl/core/hpl_core_m0plus_base.o
 .debug_info    0x00010004      0x6d4 hpl/core/hpl_init.o
 .debug_info    0x000106d8      0x582 hpl/gclk/hpl_gclk.o
 .debug_info    0x00010c5a      0xa0e hpl/mclk/hpl_mclk.o
 .debug_info    0x00011668      0x61c hpl/osc32kctrl/hpl_osc32kctrl.o
 .debug_info    0x00011c84      0xe4a hpl/oscctrl/hpl_oscctrl.o
 .debug_info    0x00012ace      0xab0 hpl/pm/hpl_pm.o
 .debug_info    0x0001357e     0xa361 hpl/sercom/hpl_sercom.o
 .debug_info    0x0001d8df      0x3ed main.o

.debug_abbrev   0x00000000     0x3a00
 .debug_abbrev  0x00000000       0xe3 atmel_start.o
 .debug_abbrev  0x000000e3      0x2c3 cupdi/cupdi.o
 .debug_abbrev  0x000003a6      0x244 cupdi/device/device.o
 .debug_abbrev  0x000005ea       0xcc cupdi/hex_file/ihex.o
 .debug_abbrev  0x000006b6       0x9f cupdi/platform/delay.o
 .debug_abbrev  0x00000755      0x321 cupdi/platform/serial.o
 .debug_abbrev  0x00000a76      0x3cf cupdi/updi/application.o
 .debug_abbrev  0x00000e45      0x2df cupdi/updi/link.o
 .debug_abbrev  0x00001124      0x2e5 cupdi/updi/nvm.o
 .debug_abbrev  0x00001409      0x384 cupdi/updi/physical.o
 .debug_abbrev  0x0000178d      0x1e4 Device_Startup/startup_saml21.o
 .debug_abbrev  0x00001971      0x367 driver_init.o
 .debug_abbrev  0x00001cd8      0x144 hal/src/hal_atomic.o
 .debug_abbrev  0x00001e1c       0xe1 hal/src/hal_delay.o
 .debug_abbrev  0x00001efd      0x115 hal/src/hal_io.o
 .debug_abbrev  0x00002012      0x2b7 hal/src/hal_usart_async.o
 .debug_abbrev  0x000022c9       0x86 hal/utils/src/utils_assert.o
 .debug_abbrev  0x0000234f       0xf4 hal/utils/src/utils_ringbuffer.o
 .debug_abbrev  0x00002443      0x2dc hpl/core/hpl_core_m0plus_base.o
 .debug_abbrev  0x0000271f      0x1d9 hpl/core/hpl_init.o
 .debug_abbrev  0x000028f8      0x19a hpl/gclk/hpl_gclk.o
 .debug_abbrev  0x00002a92      0x1c8 hpl/mclk/hpl_mclk.o
 .debug_abbrev  0x00002c5a      0x1b1 hpl/osc32kctrl/hpl_osc32kctrl.o
 .debug_abbrev  0x00002e0b      0x242 hpl/oscctrl/hpl_oscctrl.o
 .debug_abbrev  0x0000304d      0x262 hpl/pm/hpl_pm.o
 .debug_abbrev  0x000032af      0x66c hpl/sercom/hpl_sercom.o
 .debug_abbrev  0x0000391b       0xe5 main.o

.debug_loc      0x00000000     0xd9d2
 .debug_loc     0x00000000       0x20 atmel_start.o
 .debug_loc     0x00000020      0x338 cupdi/cupdi.o
 .debug_loc     0x00000358      0x17d cupdi/device/device.o
 .debug_loc     0x000004d5       0x41 cupdi/platform/delay.o
 .debug_loc     0x00000516      0x41f cupdi/platform/serial.o
 .debug_loc     0x00000935     0x1c1f cupdi/updi/application.o
 .debug_loc     0x00002554     0x160c cupdi/updi/link.o
 .debug_loc     0x00003b60     0x1686 cupdi/updi/nvm.o
 .debug_loc     0x000051e6      0xc7e cupdi/updi/physical.o
 .debug_loc     0x00005e64       0x4b Device_Startup/startup_saml21.o
 .debug_loc     0x00005eaf      0x274 driver_init.o
 .debug_loc     0x00006123       0x13 hal/src/hal_atomic.o
 .debug_loc     0x00006136       0xc3 hal/src/hal_delay.o
 .debug_loc     0x000061f9      0x132 hal/src/hal_io.o
 .debug_loc     0x0000632b      0xcf3 hal/src/hal_usart_async.o
 .debug_loc     0x0000701e      0x257 hal/utils/src/utils_ringbuffer.o
 .debug_loc     0x00007275      0x1f7 hpl/core/hpl_core_m0plus_base.o
 .debug_loc     0x0000746c       0x4c hpl/core/hpl_init.o
 .debug_loc     0x000074b8       0x72 hpl/gclk/hpl_gclk.o
 .debug_loc     0x0000752a       0x84 hpl/mclk/hpl_mclk.o
 .debug_loc     0x000075ae       0x94 hpl/osc32kctrl/hpl_osc32kctrl.o
 .debug_loc     0x00007642       0x38 hpl/oscctrl/hpl_oscctrl.o
 .debug_loc     0x0000767a      0x148 hpl/pm/hpl_pm.o
 .debug_loc     0x000077c2     0x61f0 hpl/sercom/hpl_sercom.o
 .debug_loc     0x0000d9b2       0x20 main.o

.debug_aranges  0x00000000      0xc80
 .debug_aranges
                0x00000000       0x20 atmel_start.o
 .debug_aranges
                0x00000020       0x40 cupdi/cupdi.o
 .debug_aranges
                0x00000060       0x28 cupdi/device/device.o
 .debug_aranges
                0x00000088       0x18 cupdi/hex_file/ihex.o
 .debug_aranges
                0x000000a0       0x20 cupdi/platform/delay.o
 .debug_aranges
                0x000000c0       0x50 cupdi/platform/serial.o
 .debug_aranges
                0x00000110       0xd8 cupdi/updi/application.o
 .debug_aranges
                0x000001e8       0xb8 cupdi/updi/link.o
 .debug_aranges
                0x000002a0       0xa8 cupdi/updi/nvm.o
 .debug_aranges
                0x00000348       0x70 cupdi/updi/physical.o
 .debug_aranges
                0x000003b8       0x28 Device_Startup/startup_saml21.o
 .debug_aranges
                0x000003e0       0x38 driver_init.o
 .debug_aranges
                0x00000418       0x30 hal/src/hal_atomic.o
 .debug_aranges
                0x00000448       0x38 hal/src/hal_delay.o
 .debug_aranges
                0x00000480       0x30 hal/src/hal_io.o
 .debug_aranges
                0x000004b0       0xe0 hal/src/hal_usart_async.o
 .debug_aranges
                0x00000590       0x20 hal/utils/src/utils_assert.o
 .debug_aranges
                0x000005b0       0x40 hal/utils/src/utils_ringbuffer.o
 .debug_aranges
                0x000005f0       0x80 hpl/core/hpl_core_m0plus_base.o
 .debug_aranges
                0x00000670       0x20 hpl/core/hpl_init.o
 .debug_aranges
                0x00000690       0x28 hpl/gclk/hpl_gclk.o
 .debug_aranges
                0x000006b8       0x20 hpl/mclk/hpl_mclk.o
 .debug_aranges
                0x000006d8       0x20 hpl/osc32kctrl/hpl_osc32kctrl.o
 .debug_aranges
                0x000006f8       0x28 hpl/oscctrl/hpl_oscctrl.o
 .debug_aranges
                0x00000720       0x30 hpl/pm/hpl_pm.o
 .debug_aranges
                0x00000750      0x510 hpl/sercom/hpl_sercom.o
 .debug_aranges
                0x00000c60       0x20 main.o

.debug_ranges   0x00000000     0x1770
 .debug_ranges  0x00000000       0x10 atmel_start.o
 .debug_ranges  0x00000010       0x30 cupdi/cupdi.o
 .debug_ranges  0x00000040       0x18 cupdi/device/device.o
 .debug_ranges  0x00000058       0x10 cupdi/platform/delay.o
 .debug_ranges  0x00000068       0x40 cupdi/platform/serial.o
 .debug_ranges  0x000000a8      0x138 cupdi/updi/application.o
 .debug_ranges  0x000001e0       0xa8 cupdi/updi/link.o
 .debug_ranges  0x00000288       0x98 cupdi/updi/nvm.o
 .debug_ranges  0x00000320       0xc8 cupdi/updi/physical.o
 .debug_ranges  0x000003e8       0x18 Device_Startup/startup_saml21.o
 .debug_ranges  0x00000400       0xe0 driver_init.o
 .debug_ranges  0x000004e0       0x20 hal/src/hal_atomic.o
 .debug_ranges  0x00000500       0x28 hal/src/hal_delay.o
 .debug_ranges  0x00000528       0x20 hal/src/hal_io.o
 .debug_ranges  0x00000548       0xd0 hal/src/hal_usart_async.o
 .debug_ranges  0x00000618       0x10 hal/utils/src/utils_assert.o
 .debug_ranges  0x00000628       0x30 hal/utils/src/utils_ringbuffer.o
 .debug_ranges  0x00000658       0xa8 hpl/core/hpl_core_m0plus_base.o
 .debug_ranges  0x00000700       0x30 hpl/core/hpl_init.o
 .debug_ranges  0x00000730       0x18 hpl/gclk/hpl_gclk.o
 .debug_ranges  0x00000748       0x28 hpl/mclk/hpl_mclk.o
 .debug_ranges  0x00000770       0x28 hpl/osc32kctrl/hpl_osc32kctrl.o
 .debug_ranges  0x00000798       0x30 hpl/oscctrl/hpl_oscctrl.o
 .debug_ranges  0x000007c8       0x38 hpl/pm/hpl_pm.o
 .debug_ranges  0x00000800      0xf60 hpl/sercom/hpl_sercom.o
 .debug_ranges  0x00001760       0x10 main.o

.debug_macro    0x00000000    0x1e29e
 .debug_macro   0x00000000      0x5c8 atmel_start.o
 .debug_macro   0x000005c8      0x8aa atmel_start.o
 .debug_macro   0x00000e72      0x16d atmel_start.o
 .debug_macro   0x00000fdf       0x22 atmel_start.o
 .debug_macro   0x00001001       0x87 atmel_start.o
 .debug_macro   0x00001088       0x51 atmel_start.o
 .debug_macro   0x000010d9       0xef atmel_start.o
 .debug_macro   0x000011c8       0x6a atmel_start.o
 .debug_macro   0x00001232      0x1df atmel_start.o
 .debug_macro   0x00001411       0x22 atmel_start.o
 .debug_macro   0x00001433       0x3f atmel_start.o
 .debug_macro   0x00001472       0x1c atmel_start.o
 .debug_macro   0x0000148e       0x22 atmel_start.o
 .debug_macro   0x000014b0       0xb5 atmel_start.o
 .debug_macro   0x00001565      0x3ad atmel_start.o
 .debug_macro   0x00001912      0x714 atmel_start.o
 .debug_macro   0x00002026      0x8f0 atmel_start.o
 .debug_macro   0x00002916      0x279 atmel_start.o
 .debug_macro   0x00002b8f      0x21e atmel_start.o
 .debug_macro   0x00002dad      0x4c3 atmel_start.o
 .debug_macro   0x00003270      0xe12 atmel_start.o
 .debug_macro   0x00004082      0x5e7 atmel_start.o
 .debug_macro   0x00004669      0x5be atmel_start.o
 .debug_macro   0x00004c27      0x824 atmel_start.o
 .debug_macro   0x0000544b      0x314 atmel_start.o
 .debug_macro   0x0000575f      0x5c6 atmel_start.o
 .debug_macro   0x00005d25      0x21c atmel_start.o
 .debug_macro   0x00005f41      0x729 atmel_start.o
 .debug_macro   0x0000666a      0x16f atmel_start.o
 .debug_macro   0x000067d9      0x70f atmel_start.o
 .debug_macro   0x00006ee8      0x28c atmel_start.o
 .debug_macro   0x00007174      0x6e1 atmel_start.o
 .debug_macro   0x00007855      0x2c5 atmel_start.o
 .debug_macro   0x00007b1a      0x3c1 atmel_start.o
 .debug_macro   0x00007edb      0x1a0 atmel_start.o
 .debug_macro   0x0000807b     0x1260 atmel_start.o
 .debug_macro   0x000092db      0xf4d atmel_start.o
 .debug_macro   0x0000a228      0x866 atmel_start.o
 .debug_macro   0x0000aa8e      0x8ae atmel_start.o
 .debug_macro   0x0000b33c     0x19be atmel_start.o
 .debug_macro   0x0000ccfa       0xe7 atmel_start.o
 .debug_macro   0x0000cde1     0x13e6 atmel_start.o
 .debug_macro   0x0000e1c7      0x36a atmel_start.o
 .debug_macro   0x0000e531       0x7c atmel_start.o
 .debug_macro   0x0000e5ad       0xac atmel_start.o
 .debug_macro   0x0000e659       0xca atmel_start.o
 .debug_macro   0x0000e723       0x4c atmel_start.o
 .debug_macro   0x0000e76f       0x94 atmel_start.o
 .debug_macro   0x0000e803       0xdc atmel_start.o
 .debug_macro   0x0000e8df       0xb2 atmel_start.o
 .debug_macro   0x0000e991       0x64 atmel_start.o
 .debug_macro   0x0000e9f5      0x5a4 atmel_start.o
 .debug_macro   0x0000ef99      0x19d atmel_start.o
 .debug_macro   0x0000f136       0x70 atmel_start.o
 .debug_macro   0x0000f1a6       0xa0 atmel_start.o
 .debug_macro   0x0000f246       0xc4 atmel_start.o
 .debug_macro   0x0000f30a       0x28 atmel_start.o
 .debug_macro   0x0000f332       0xa0 atmel_start.o
 .debug_macro   0x0000f3d2       0x40 atmel_start.o
 .debug_macro   0x0000f412       0x7c atmel_start.o
 .debug_macro   0x0000f48e       0x40 atmel_start.o
 .debug_macro   0x0000f4ce      0x16c atmel_start.o
 .debug_macro   0x0000f63a       0x10 atmel_start.o
 .debug_macro   0x0000f64a       0x34 atmel_start.o
 .debug_macro   0x0000f67e       0xee atmel_start.o
 .debug_macro   0x0000f76c      0x12b atmel_start.o
 .debug_macro   0x0000f897      0x12b atmel_start.o
 .debug_macro   0x0000f9c2      0x12b atmel_start.o
 .debug_macro   0x0000faed      0x12b atmel_start.o
 .debug_macro   0x0000fc18      0x12b atmel_start.o
 .debug_macro   0x0000fd43      0x12b atmel_start.o
 .debug_macro   0x0000fe6e       0x5e atmel_start.o
 .debug_macro   0x0000fecc       0xfa atmel_start.o
 .debug_macro   0x0000ffc6       0xfa atmel_start.o
 .debug_macro   0x000100c0       0xfa atmel_start.o
 .debug_macro   0x000101ba       0xfa atmel_start.o
 .debug_macro   0x000102b4       0xfa atmel_start.o
 .debug_macro   0x000103ae      0x124 atmel_start.o
 .debug_macro   0x000104d2       0xfa atmel_start.o
 .debug_macro   0x000105cc       0xee atmel_start.o
 .debug_macro   0x000106ba       0x2e atmel_start.o
 .debug_macro   0x000106e8      0x40f atmel_start.o
 .debug_macro   0x00010af7       0x3a atmel_start.o
 .debug_macro   0x00010b31      0x42c atmel_start.o
 .debug_macro   0x00010f5d     0x23fb atmel_start.o
 .debug_macro   0x00013358       0x90 atmel_start.o
 .debug_macro   0x000133e8       0x10 atmel_start.o
 .debug_macro   0x000133f8       0x10 atmel_start.o
 .debug_macro   0x00013408       0x16 atmel_start.o
 .debug_macro   0x0001341e       0x16 atmel_start.o
 .debug_macro   0x00013434       0x16 atmel_start.o
 .debug_macro   0x0001344a       0x16 atmel_start.o
 .debug_macro   0x00013460       0x16 atmel_start.o
 .debug_macro   0x00013476       0x16 atmel_start.o
 .debug_macro   0x0001348c       0x16 atmel_start.o
 .debug_macro   0x000134a2       0x16 atmel_start.o
 .debug_macro   0x000134b8       0x16 atmel_start.o
 .debug_macro   0x000134ce       0x16 atmel_start.o
 .debug_macro   0x000134e4       0x16 atmel_start.o
 .debug_macro   0x000134fa       0x16 atmel_start.o
 .debug_macro   0x00013510       0x16 atmel_start.o
 .debug_macro   0x00013526       0x16 atmel_start.o
 .debug_macro   0x0001353c       0x16 atmel_start.o
 .debug_macro   0x00013552       0x16 atmel_start.o
 .debug_macro   0x00013568       0x16 atmel_start.o
 .debug_macro   0x0001357e       0x16 atmel_start.o
 .debug_macro   0x00013594       0x16 atmel_start.o
 .debug_macro   0x000135aa      0x2e0 atmel_start.o
 .debug_macro   0x0001388a       0x94 atmel_start.o
 .debug_macro   0x0001391e       0x16 atmel_start.o
 .debug_macro   0x00013934       0xbe atmel_start.o
 .debug_macro   0x000139f2      0x28c atmel_start.o
 .debug_macro   0x00013c7e       0x16 atmel_start.o
 .debug_macro   0x00013c94      0x4d8 atmel_start.o
 .debug_macro   0x0001416c       0x16 atmel_start.o
 .debug_macro   0x00014182       0xca atmel_start.o
 .debug_macro   0x0001424c       0x1c atmel_start.o
 .debug_macro   0x00014268       0x16 atmel_start.o
 .debug_macro   0x0001427e       0xcf atmel_start.o
 .debug_macro   0x0001434d       0x46 atmel_start.o
 .debug_macro   0x00014393      0x2b6 cupdi/cupdi.o
 .debug_macro   0x00014649       0x52 cupdi/cupdi.o
 .debug_macro   0x0001469b       0x8d cupdi/cupdi.o
 .debug_macro   0x00014728       0x35 cupdi/cupdi.o
 .debug_macro   0x0001475d       0x9c cupdi/cupdi.o
 .debug_macro   0x000147f9       0x16 cupdi/cupdi.o
 .debug_macro   0x0001480f       0x57 cupdi/cupdi.o
 .debug_macro   0x00014866       0x97 cupdi/cupdi.o
 .debug_macro   0x000148fd      0x353 cupdi/cupdi.o
 .debug_macro   0x00014c50       0xf6 cupdi/cupdi.o
 .debug_macro   0x00014d46       0x10 cupdi/cupdi.o
 .debug_macro   0x00014d56       0x58 cupdi/cupdi.o
 .debug_macro   0x00014dae       0x1f cupdi/cupdi.o
 .debug_macro   0x00014dcd       0x43 cupdi/cupdi.o
 .debug_macro   0x00014e10       0x20 cupdi/cupdi.o
 .debug_macro   0x00014e30      0x187 cupdi/cupdi.o
 .debug_macro   0x00014fb7       0x10 cupdi/cupdi.o
 .debug_macro   0x00014fc7       0x1c cupdi/cupdi.o
 .debug_macro   0x00014fe3       0x52 cupdi/cupdi.o
 .debug_macro   0x00015035       0x40 cupdi/cupdi.o
 .debug_macro   0x00015075       0x10 cupdi/cupdi.o
 .debug_macro   0x00015085       0x40 cupdi/cupdi.o
 .debug_macro   0x000150c5       0xd7 cupdi/cupdi.o
 .debug_macro   0x0001519c       0x16 cupdi/cupdi.o
 .debug_macro   0x000151b2      0x18b cupdi/cupdi.o
 .debug_macro   0x0001533d       0x3a cupdi/cupdi.o
 .debug_macro   0x00015377       0x16 cupdi/cupdi.o
 .debug_macro   0x0001538d       0x35 cupdi/cupdi.o
 .debug_macro   0x000153c2       0x16 cupdi/cupdi.o
 .debug_macro   0x000153d8       0x29 cupdi/cupdi.o
 .debug_macro   0x00015401       0x16 cupdi/cupdi.o
 .debug_macro   0x00015417       0x34 cupdi/cupdi.o
 .debug_macro   0x0001544b       0x16 cupdi/cupdi.o
 .debug_macro   0x00015461       0x10 cupdi/cupdi.o
 .debug_macro   0x00015471      0x241 cupdi/cupdi.o
 .debug_macro   0x000156b2       0x16 cupdi/cupdi.o
 .debug_macro   0x000156c8       0x16 cupdi/cupdi.o
 .debug_macro   0x000156de      0x34e cupdi/cupdi.o
 .debug_macro   0x00015a2c       0x22 cupdi/cupdi.o
 .debug_macro   0x00015a4e      0x280 cupdi/device/device.o
 .debug_macro   0x00015cce      0x10e cupdi/device/device.o
 .debug_macro   0x00015ddc       0x86 cupdi/device/device.o
 .debug_macro   0x00015e62       0x1c cupdi/device/device.o
 .debug_macro   0x00015e7e       0x4c cupdi/device/device.o
 .debug_macro   0x00015eca       0x29 cupdi/hex_file/ihex.o
 .debug_macro   0x00015ef3      0x4fa cupdi/platform/delay.o
 .debug_macro   0x000163ed      0x864 cupdi/platform/serial.o
 .debug_macro   0x00016c51      0x1da cupdi/platform/serial.o
 .debug_macro   0x00016e2b       0x16 cupdi/platform/serial.o
 .debug_macro   0x00016e41       0x10 cupdi/platform/serial.o
 .debug_macro   0x00016e51       0x41 cupdi/platform/serial.o
 .debug_macro   0x00016e92      0x122 cupdi/platform/serial.o
 .debug_macro   0x00016fb4       0x10 cupdi/platform/serial.o
 .debug_macro   0x00016fc4       0x28 cupdi/platform/serial.o
 .debug_macro   0x00016fec       0xba cupdi/platform/serial.o
 .debug_macro   0x000170a6       0xaf cupdi/platform/serial.o
 .debug_macro   0x00017155      0x2ab cupdi/updi/application.o
 .debug_macro   0x00017400       0x10 cupdi/updi/application.o
 .debug_macro   0x00017410      0x1d2 cupdi/updi/application.o
 .debug_macro   0x000175e2      0x29c cupdi/updi/link.o
 .debug_macro   0x0001787e      0x2aa cupdi/updi/nvm.o
 .debug_macro   0x00017b28      0x299 cupdi/updi/physical.o
 .debug_macro   0x00017dc1      0x374 Device_Startup/startup_saml21.o
 .debug_macro   0x00018135       0x39 Device_Startup/startup_saml21.o
 .debug_macro   0x0001816e      0x5d7 driver_init.o
 .debug_macro   0x00018745       0xc9 driver_init.o
 .debug_macro   0x0001880e      0x4d8 hal/src/hal_atomic.o
 .debug_macro   0x00018ce6      0x50b hal/src/hal_delay.o
 .debug_macro   0x000191f1      0x4eb hal/src/hal_io.o
 .debug_macro   0x000196dc      0x538 hal/src/hal_usart_async.o
 .debug_macro   0x00019c14      0x4e1 hal/utils/src/utils_assert.o
 .debug_macro   0x0001a0f5       0x10 hal/utils/src/utils_assert.o
 .debug_macro   0x0001a105      0x4e5 hal/utils/src/utils_ringbuffer.o
 .debug_macro   0x0001a5ea      0x534 hpl/core/hpl_core_m0plus_base.o
 .debug_macro   0x0001ab1e      0x558 hpl/core/hpl_init.o
 .debug_macro   0x0001b076       0x28 hpl/core/hpl_init.o
 .debug_macro   0x0001b09e      0x772 hpl/core/hpl_init.o
 .debug_macro   0x0001b810      0x4ee hpl/gclk/hpl_gclk.o
 .debug_macro   0x0001bcfe      0x1f4 hpl/gclk/hpl_gclk.o
 .debug_macro   0x0001bef2      0x4ea hpl/mclk/hpl_mclk.o
 .debug_macro   0x0001c3dc      0x4e5 hpl/osc32kctrl/hpl_osc32kctrl.o
 .debug_macro   0x0001c8c1       0xa4 hpl/osc32kctrl/hpl_osc32kctrl.o
 .debug_macro   0x0001c965      0x4e5 hpl/oscctrl/hpl_oscctrl.o
 .debug_macro   0x0001ce4a      0x18c hpl/oscctrl/hpl_oscctrl.o
 .debug_macro   0x0001cfd6      0x4f0 hpl/pm/hpl_pm.o
 .debug_macro   0x0001d4c6      0x737 hpl/sercom/hpl_sercom.o
 .debug_macro   0x0001dbfd       0x70 hpl/sercom/hpl_sercom.o
 .debug_macro   0x0001dc6d       0x10 hpl/sercom/hpl_sercom.o
 .debug_macro   0x0001dc7d       0x1c hpl/sercom/hpl_sercom.o
 .debug_macro   0x0001dc99       0x22 hpl/sercom/hpl_sercom.o
 .debug_macro   0x0001dcbb       0x10 hpl/sercom/hpl_sercom.o
 .debug_macro   0x0001dccb      0x5d3 main.o

.debug_line     0x00000000    0x12479
 .debug_line    0x00000000      0xb71 atmel_start.o
 .debug_line    0x00000b71      0x55f cupdi/cupdi.o
 .debug_line    0x000010d0      0x450 cupdi/device/device.o
 .debug_line    0x00001520       0xbf cupdi/hex_file/ihex.o
 .debug_line    0x000015df      0xa45 cupdi/platform/delay.o
 .debug_line    0x00002024      0xe5e cupdi/platform/serial.o
 .debug_line    0x00002e82      0x8bb cupdi/updi/application.o
 .debug_line    0x0000373d      0x7df cupdi/updi/link.o
 .debug_line    0x00003f1c      0x704 cupdi/updi/nvm.o
 .debug_line    0x00004620      0x64c cupdi/updi/physical.o
 .debug_line    0x00004c6c      0x771 Device_Startup/startup_saml21.o
 .debug_line    0x000053dd      0xc20 driver_init.o
 .debug_line    0x00005ffd      0xa5c hal/src/hal_atomic.o
 .debug_line    0x00006a59      0xa8d hal/src/hal_delay.o
 .debug_line    0x000074e6      0xa72 hal/src/hal_io.o
 .debug_line    0x00007f58      0xd6b hal/src/hal_usart_async.o
 .debug_line    0x00008cc3      0xa26 hal/utils/src/utils_assert.o
 .debug_line    0x000096e9      0xacb hal/utils/src/utils_ringbuffer.o
 .debug_line    0x0000a1b4      0xc0c hpl/core/hpl_core_m0plus_base.o
 .debug_line    0x0000adc0      0xb1e hpl/core/hpl_init.o
 .debug_line    0x0000b8de      0xa78 hpl/gclk/hpl_gclk.o
 .debug_line    0x0000c356      0xa62 hpl/mclk/hpl_mclk.o
 .debug_line    0x0000cdb8      0xa75 hpl/osc32kctrl/hpl_osc32kctrl.o
 .debug_line    0x0000d82d      0xa8e hpl/oscctrl/hpl_oscctrl.o
 .debug_line    0x0000e2bb      0xaa3 hpl/pm/hpl_pm.o
 .debug_line    0x0000ed5e     0x2b99 hpl/sercom/hpl_sercom.o
 .debug_line    0x000118f7      0xb82 main.o

.debug_str      0x00000000    0x9471f
 .debug_str     0x00000000    0x838fb atmel_start.o
                              0x83e35 (size before relaxing)
 .debug_str     0x000838fb     0x53a6 cupdi/cupdi.o
                               0x8c91 (size before relaxing)
 .debug_str     0x00088ca1      0x136 cupdi/device/device.o
                               0x80c3 (size before relaxing)
 .debug_str     0x00088dd7       0x22 cupdi/hex_file/ihex.o
                               0x30fb (size before relaxing)
 .debug_str     0x00088df9       0x2a cupdi/platform/delay.o
                              0x8312a (size before relaxing)
 .debug_str     0x00088e23     0x125e cupdi/platform/serial.o
                              0x897fd (size before relaxing)
 .debug_str     0x0008a081      0xb3c cupdi/updi/application.o
                               0x8aac (size before relaxing)
 .debug_str     0x0008abbd      0x184 cupdi/updi/link.o
                               0x882a (size before relaxing)
 .debug_str     0x0008ad41      0x15e cupdi/updi/nvm.o
                               0x8aa7 (size before relaxing)
 .debug_str     0x0008ae9f      0x128 cupdi/updi/physical.o
                               0x87f7 (size before relaxing)
 .debug_str     0x0008afc7      0x524 Device_Startup/startup_saml21.o
                              0x7b7d9 (size before relaxing)
 .debug_str     0x0008b4eb     0x1187 driver_init.o
                              0x8518d (size before relaxing)
 .debug_str     0x0008c672       0xb7 hal/src/hal_atomic.o
                              0x8316b (size before relaxing)
 .debug_str     0x0008c729       0x92 hal/src/hal_delay.o
                              0x831d5 (size before relaxing)
 .debug_str     0x0008c7bb       0x2a hal/src/hal_io.o
                              0x83218 (size before relaxing)
 .debug_str     0x0008c7e5      0x47b hal/src/hal_usart_async.o
                              0x84062 (size before relaxing)
 .debug_str     0x0008cc60       0x2a hal/utils/src/utils_assert.o
                              0x8317b (size before relaxing)
 .debug_str     0x0008cc8a       0x24 hal/utils/src/utils_ringbuffer.o
                              0x83221 (size before relaxing)
 .debug_str     0x0008ccae      0x30a hpl/core/hpl_core_m0plus_base.o
                              0x83b79 (size before relaxing)
 .debug_str     0x0008cfb8     0x19bc hpl/core/hpl_init.o
                              0x85671 (size before relaxing)
 .debug_str     0x0008e974      0x81b hpl/gclk/hpl_gclk.o
                              0x83ab0 (size before relaxing)
 .debug_str     0x0008f18f       0xa5 hpl/mclk/hpl_mclk.o
                              0x83638 (size before relaxing)
 .debug_str     0x0008f234      0x488 hpl/osc32kctrl/hpl_osc32kctrl.o
                              0x835d2 (size before relaxing)
 .debug_str     0x0008f6bc      0x8e4 hpl/oscctrl/hpl_oscctrl.o
                              0x83ab6 (size before relaxing)
 .debug_str     0x0008ffa0      0x367 hpl/pm/hpl_pm.o
                              0x83533 (size before relaxing)
 .debug_str     0x00090307     0x440c hpl/sercom/hpl_sercom.o
                              0x88e51 (size before relaxing)
 .debug_str     0x00094713        0xc main.o
                              0x83e40 (size before relaxing)

.debug_frame    0x00000000     0x23fc
 .debug_frame   0x00000000       0x28 atmel_start.o
 .debug_frame   0x00000028       0xa0 cupdi/cupdi.o
 .debug_frame   0x000000c8       0x38 cupdi/device/device.o
 .debug_frame   0x00000100       0x28 cupdi/platform/delay.o
 .debug_frame   0x00000128       0xdc cupdi/platform/serial.o
 .debug_frame   0x00000204      0x2c8 cupdi/updi/application.o
 .debug_frame   0x000004cc      0x288 cupdi/updi/link.o
 .debug_frame   0x00000754      0x200 cupdi/updi/nvm.o
 .debug_frame   0x00000954      0x170 cupdi/updi/physical.o
 .debug_frame   0x00000ac4       0x3c Device_Startup/startup_saml21.o
 .debug_frame   0x00000b00       0x70 driver_init.o
 .debug_frame   0x00000b70       0x40 hal/src/hal_atomic.o
 .debug_frame   0x00000bb0       0x68 hal/src/hal_delay.o
 .debug_frame   0x00000c18       0x58 hal/src/hal_io.o
 .debug_frame   0x00000c70      0x2a4 hal/src/hal_usart_async.o
 .debug_frame   0x00000f14       0x20 hal/utils/src/utils_assert.o
 .debug_frame   0x00000f34       0x94 hal/utils/src/utils_ringbuffer.o
 .debug_frame   0x00000fc8       0xfc hpl/core/hpl_core_m0plus_base.o
 .debug_frame   0x000010c4       0x28 hpl/core/hpl_init.o
 .debug_frame   0x000010ec       0x30 hpl/gclk/hpl_gclk.o
 .debug_frame   0x0000111c       0x20 hpl/mclk/hpl_mclk.o
 .debug_frame   0x0000113c       0x20 hpl/osc32kctrl/hpl_osc32kctrl.o
 .debug_frame   0x0000115c       0x38 hpl/oscctrl/hpl_oscctrl.o
 .debug_frame   0x00001194       0x40 hpl/pm/hpl_pm.o
 .debug_frame   0x000011d4      0xfdc hpl/sercom/hpl_sercom.o
 .debug_frame   0x000021b0       0x28 main.o
 .debug_frame   0x000021d8       0x20 c:/program files (x86)/atmel/studio/7.0/toolchain/arm/arm-gnu-toolchain/bin/../lib/gcc/arm-none-eabi/6.3.1/thumb/v6-m\libgcc.a(_udivsi3.o)
 .debug_frame   0x000021f8       0x20 c:/program files (x86)/atmel/studio/7.0/toolchain/arm/arm-gnu-toolchain/bin/../lib/gcc/arm-none-eabi/6.3.1/thumb/v6-m\libgcc.a(_divsi3.o)
 .debug_frame   0x00002218       0x28 c:/program files (x86)/atmel/studio/7.0/toolchain/arm/arm-gnu-toolchain/bin/../lib/gcc/arm-none-eabi/6.3.1/thumb/v6-m\libgcc.a(_fixunssfsi.o)
 .debug_frame   0x00002240       0x3c c:/program files (x86)/atmel/studio/7.0/toolchain/arm/arm-gnu-toolchain/bin/../lib/gcc/arm-none-eabi/6.3.1/thumb/v6-m\libgcc.a(mulsf3.o)
 .debug_frame   0x0000227c       0x38 c:/program files (x86)/atmel/studio/7.0/toolchain/arm/arm-gnu-toolchain/bin/../lib/gcc/arm-none-eabi/6.3.1/thumb/v6-m\libgcc.a(subsf3.o)
 .debug_frame   0x000022b4       0x20 c:/program files (x86)/atmel/studio/7.0/toolchain/arm/arm-gnu-toolchain/bin/../lib/gcc/arm-none-eabi/6.3.1/thumb/v6-m\libgcc.a(fixsfsi.o)
 .debug_frame   0x000022d4       0x28 c:/program files (x86)/atmel/studio/7.0/toolchain/arm/arm-gnu-toolchain/bin/../lib/gcc/arm-none-eabi/6.3.1/thumb/v6-m\libgcc.a(floatunsisf.o)
 .debug_frame   0x000022fc       0x2c c:/program files (x86)/atmel/studio/7.0/toolchain/arm/arm-gnu-toolchain/bin/../lib/gcc/arm-none-eabi/6.3.1/thumb/v6-m\libgcc.a(eqsf2.o)
 .debug_frame   0x00002328       0x30 c:/program files (x86)/atmel/studio/7.0/toolchain/arm/arm-gnu-toolchain/bin/../lib/gcc/arm-none-eabi/6.3.1/thumb/v6-m\libgcc.a(gesf2.o)
 .debug_frame   0x00002358       0x30 c:/program files (x86)/atmel/studio/7.0/toolchain/arm/arm-gnu-toolchain/bin/../lib/gcc/arm-none-eabi/6.3.1/thumb/v6-m\libgcc.a(lesf2.o)
 .debug_frame   0x00002388       0x2c c:/program files (x86)/atmel/studio/7.0/toolchain/arm/arm-gnu-toolchain/bin/../lib/gcc/arm-none-eabi/6.3.1/../../../../arm-none-eabi/lib/thumb/v6-m\libc_nano.a(lib_a-init.o)
 .debug_frame   0x000023b4       0x28 c:/program files (x86)/atmel/studio/7.0/toolchain/arm/arm-gnu-toolchain/bin/../lib/gcc/arm-none-eabi/6.3.1/../../../../arm-none-eabi/lib/thumb/v6-m\libc_nano.a(lib_a-memcpy-stub.o)
 .debug_frame   0x000023dc       0x20 c:/program files (x86)/atmel/studio/7.0/toolchain/arm/arm-gnu-toolchain/bin/../lib/gcc/arm-none-eabi/6.3.1/../../../../arm-none-eabi/lib/thumb/v6-m\libc_nano.a(lib_a-memset.o)
