Archive member included to satisfy reference by file (symbol)

c:/program files (x86)/atmel/studio/7.0/toolchain/arm/arm-gnu-toolchain/bin/../lib/gcc/arm-none-eabi/6.3.1/thumb/v6-m\libgcc.a(_thumb1_case_uqi.o)
                              cupdi/device/device.o (__gnu_thumb1_case_uqi)
c:/program files (x86)/atmel/studio/7.0/toolchain/arm/arm-gnu-toolchain/bin/../lib/gcc/arm-none-eabi/6.3.1/thumb/v6-m\libgcc.a(_udivsi3.o)
                              hpl/core/hpl_core_m0plus_base.o (__aeabi_uidiv)
c:/program files (x86)/atmel/studio/7.0/toolchain/arm/arm-gnu-toolchain/bin/../lib/gcc/arm-none-eabi/6.3.1/thumb/v6-m\libgcc.a(_divsi3.o)
                              cupdi/updi/nvm.o (__aeabi_idiv)
c:/program files (x86)/atmel/studio/7.0/toolchain/arm/arm-gnu-toolchain/bin/../lib/gcc/arm-none-eabi/6.3.1/thumb/v6-m\libgcc.a(_dvmd_tls.o)
                              c:/program files (x86)/atmel/studio/7.0/toolchain/arm/arm-gnu-toolchain/bin/../lib/gcc/arm-none-eabi/6.3.1/thumb/v6-m\libgcc.a(_udivsi3.o) (__aeabi_idiv0)
c:/program files (x86)/atmel/studio/7.0/toolchain/arm/arm-gnu-toolchain/bin/../lib/gcc/arm-none-eabi/6.3.1/thumb/v6-m\libgcc.a(_aeabi_uldivmod.o)
                              hpl/sercom/hpl_sercom.o (__aeabi_uldivmod)
c:/program files (x86)/atmel/studio/7.0/toolchain/arm/arm-gnu-toolchain/bin/../lib/gcc/arm-none-eabi/6.3.1/thumb/v6-m\libgcc.a(_muldi3.o)
                              hpl/sercom/hpl_sercom.o (__aeabi_lmul)
c:/program files (x86)/atmel/studio/7.0/toolchain/arm/arm-gnu-toolchain/bin/../lib/gcc/arm-none-eabi/6.3.1/thumb/v6-m\libgcc.a(_fixunssfsi.o)
                              cupdi/platform/serial.o (__aeabi_f2uiz)
c:/program files (x86)/atmel/studio/7.0/toolchain/arm/arm-gnu-toolchain/bin/../lib/gcc/arm-none-eabi/6.3.1/thumb/v6-m\libgcc.a(_fixunsdfsi.o)
                              hpl/sercom/hpl_sercom.o (__aeabi_d2uiz)
c:/program files (x86)/atmel/studio/7.0/toolchain/arm/arm-gnu-toolchain/bin/../lib/gcc/arm-none-eabi/6.3.1/thumb/v6-m\libgcc.a(_udivmoddi4.o)
                              c:/program files (x86)/atmel/studio/7.0/toolchain/arm/arm-gnu-toolchain/bin/../lib/gcc/arm-none-eabi/6.3.1/thumb/v6-m\libgcc.a(_aeabi_uldivmod.o) (__udivmoddi4)
c:/program files (x86)/atmel/studio/7.0/toolchain/arm/arm-gnu-toolchain/bin/../lib/gcc/arm-none-eabi/6.3.1/thumb/v6-m\libgcc.a(mulsf3.o)
                              cupdi/platform/serial.o (__aeabi_fmul)
c:/program files (x86)/atmel/studio/7.0/toolchain/arm/arm-gnu-toolchain/bin/../lib/gcc/arm-none-eabi/6.3.1/thumb/v6-m\libgcc.a(subsf3.o)
                              cupdi/platform/serial.o (__aeabi_fsub)
c:/program files (x86)/atmel/studio/7.0/toolchain/arm/arm-gnu-toolchain/bin/../lib/gcc/arm-none-eabi/6.3.1/thumb/v6-m\libgcc.a(fixsfsi.o)
                              c:/program files (x86)/atmel/studio/7.0/toolchain/arm/arm-gnu-toolchain/bin/../lib/gcc/arm-none-eabi/6.3.1/thumb/v6-m\libgcc.a(_fixunssfsi.o) (__aeabi_f2iz)
c:/program files (x86)/atmel/studio/7.0/toolchain/arm/arm-gnu-toolchain/bin/../lib/gcc/arm-none-eabi/6.3.1/thumb/v6-m\libgcc.a(floatunsisf.o)
                              cupdi/platform/serial.o (__aeabi_ui2f)
c:/program files (x86)/atmel/studio/7.0/toolchain/arm/arm-gnu-toolchain/bin/../lib/gcc/arm-none-eabi/6.3.1/thumb/v6-m\libgcc.a(divdf3.o)
                              hpl/sercom/hpl_sercom.o (__aeabi_ddiv)
c:/program files (x86)/atmel/studio/7.0/toolchain/arm/arm-gnu-toolchain/bin/../lib/gcc/arm-none-eabi/6.3.1/thumb/v6-m\libgcc.a(muldf3.o)
                              hpl/sercom/hpl_sercom.o (__aeabi_dmul)
c:/program files (x86)/atmel/studio/7.0/toolchain/arm/arm-gnu-toolchain/bin/../lib/gcc/arm-none-eabi/6.3.1/thumb/v6-m\libgcc.a(subdf3.o)
                              hpl/sercom/hpl_sercom.o (__aeabi_dsub)
c:/program files (x86)/atmel/studio/7.0/toolchain/arm/arm-gnu-toolchain/bin/../lib/gcc/arm-none-eabi/6.3.1/thumb/v6-m\libgcc.a(fixdfsi.o)
                              c:/program files (x86)/atmel/studio/7.0/toolchain/arm/arm-gnu-toolchain/bin/../lib/gcc/arm-none-eabi/6.3.1/thumb/v6-m\libgcc.a(_fixunsdfsi.o) (__aeabi_d2iz)
c:/program files (x86)/atmel/studio/7.0/toolchain/arm/arm-gnu-toolchain/bin/../lib/gcc/arm-none-eabi/6.3.1/thumb/v6-m\libgcc.a(floatsidf.o)
                              hpl/sercom/hpl_sercom.o (__aeabi_i2d)
c:/program files (x86)/atmel/studio/7.0/toolchain/arm/arm-gnu-toolchain/bin/../lib/gcc/arm-none-eabi/6.3.1/thumb/v6-m\libgcc.a(floatunsidf.o)
                              hpl/sercom/hpl_sercom.o (__aeabi_ui2d)
c:/program files (x86)/atmel/studio/7.0/toolchain/arm/arm-gnu-toolchain/bin/../lib/gcc/arm-none-eabi/6.3.1/thumb/v6-m\libgcc.a(_arm_cmpdf2.o)
                              c:/program files (x86)/atmel/studio/7.0/toolchain/arm/arm-gnu-toolchain/bin/../lib/gcc/arm-none-eabi/6.3.1/thumb/v6-m\libgcc.a(_fixunsdfsi.o) (__aeabi_dcmpge)
c:/program files (x86)/atmel/studio/7.0/toolchain/arm/arm-gnu-toolchain/bin/../lib/gcc/arm-none-eabi/6.3.1/thumb/v6-m\libgcc.a(_arm_cmpsf2.o)
[...]
Memory Configuration

Name             Origin             Length             Attributes
rom              0x00000000         0x00040000         xr
ram              0x20000000         0x00008000         xrw
lpram            0x30000000         0x00002000         xrw
*default*        0x00000000         0xffffffff

Linker script and memory map

LOAD c:/program files (x86)/atmel/studio/7.0/toolchain/arm/arm-gnu-toolchain/bin/../lib/gcc/arm-none-eabi/6.3.1/thumb/v6-m/crti.o
LOAD c:/program files (x86)/atmel/studio/7.0/toolchain/arm/arm-gnu-toolchain/bin/../lib/gcc/arm-none-eabi/6.3.1/thumb/v6-m/crtbegin.o
LOAD c:/program files (x86)/atmel/studio/7.0/toolchain/arm/arm-gnu-toolchain/bin/../lib/gcc/arm-none-eabi/6.3.1/../../../../arm-none-eabi/lib/thumb/v6-m/crt0.o
LOAD atmel_start.o
LOAD cupdi/cupdi.o
LOAD cupdi/device/device.o
LOAD cupdi/hex_file/ihex.o
LOAD cupdi/platform/delay.o
LOAD cupdi/platform/logging.o
LOAD cupdi/platform/serial.o
LOAD cupdi/updi/application.o
LOAD cupdi/updi/link.o
LOAD cupdi/updi/nvm.o
LOAD cupdi/updi/physical.o
LOAD Device_Startup/startup_saml21.o
LOAD Device_Startup/system_saml21.o
LOAD driver_init.o
LOAD examples/driver_examples.o
LOAD hal/src/hal_atomic.o
LOAD hal/src/hal_delay.o
LOAD hal/src/hal_gpio.o
LOAD hal/src/hal_init.o
LOAD hal/src/hal_io.o
LOAD hal/src/hal_sleep.o
LOAD hal/src/hal_usart_async.o
LOAD hal/utils/src/utils_assert.o
LOAD hal/utils/src/utils_event.o
LOAD hal/utils/src/utils_list.o
LOAD hal/utils/src/utils_ringbuffer.o
LOAD hal/utils/src/utils_syscalls.o
LOAD hpl/core/hpl_core_m0plus_base.o
LOAD hpl/core/hpl_init.o
LOAD hpl/dmac/hpl_dmac.o
LOAD hpl/gclk/hpl_gclk.o
LOAD hpl/mclk/hpl_mclk.o
LOAD hpl/osc32kctrl/hpl_osc32kctrl.o
LOAD hpl/oscctrl/hpl_oscctrl.o
LOAD hpl/pm/hpl_pm.o
LOAD hpl/sercom/hpl_sercom.o
LOAD main.o
START GROUP
LOAD c:/program files (x86)/atmel/studio/7.0/toolchain/arm/arm-gnu-toolchain/bin/../lib/gcc/arm-none-eabi/6.3.1/../../../../arm-none-eabi/lib/thumb/v6-m\libm.a
END GROUP
START GROUP
LOAD c:/program files (x86)/atmel/studio/7.0/toolchain/arm/arm-gnu-toolchain/bin/../lib/gcc/arm-none-eabi/6.3.1/thumb/v6-m\libgcc.a
LOAD c:/program files (x86)/atmel/studio/7.0/toolchain/arm/arm-gnu-toolchain/bin/../lib/gcc/arm-none-eabi/6.3.1/../../../../arm-none-eabi/lib/thumb/v6-m\libc_nano.a
END GROUP
START GROUP
LOAD c:/program files (x86)/atmel/studio/7.0/toolchain/arm/arm-gnu-toolchain/bin/../lib/gcc/arm-none-eabi/6.3.1/thumb/v6-m\libgcc.a
LOAD c:/program files (x86)/atmel/studio/7.0/toolchain/arm/arm-gnu-toolchain/bin/../lib/gcc/arm-none-eabi/6.3.1/../../../../arm-none-eabi/lib/thumb/v6-m\libc_nano.a
END GROUP
LOAD c:/program files (x86)/atmel/studio/7.0/toolchain/arm/arm-gnu-toolchain/bin/../lib/gcc/arm-none-eabi/6.3.1/thumb/v6-m/crtend.o
LOAD c:/program files (x86)/atmel/studio/7.0/toolchain/arm/arm-gnu-toolchain/bin/../lib/gcc/arm-none-eabi/6.3.1/thumb/v6-m/crtn.o
                0x00002000                STACK_SIZE = DEFINED (STACK_SIZE)?STACK_SIZE:DEFINED (__stack_size__)?__stack_size__:0x2000

.text           0x00000000     0x5048
                0x00000000                . = ALIGN (0x4)
                0x00000000                _sfixed = .
 *(.vectors .vectors.*)
 .vectors       0x00000000       0xb4 Device_Startup/startup_saml21.o
                0x00000000                exception_table
 *(.text .text.* .gnu.linkonce.t.*)
 .text          0x000000b4       0x60 c:/program files (x86)/atmel/studio/7.0/toolchain/arm/arm-gnu-toolchain/bin/../lib/gcc/arm-none-eabi/6.3.1/thumb/v6-m/crtbegin.o
 .text.atmel_start_init
                0x00000114        0xc atmel_start.o
                0x00000114                atmel_start_init
 .text.set_default_segment_id
                0x00000120       0x2a cupdi/cupdi.o
                0x00000120                set_default_segment_id
 *fill*         0x0000014a        0x2 
 .text.updi_program
                0x0000014c       0x78 cupdi/cupdi.o
                0x0000014c                updi_program
 .text.cupdi_operate
                0x000001c4       0x8c cupdi/cupdi.o
                0x000001c4                cupdi_operate
 .text.get_chip_info
                0x00000250        0x8 cupdi/device/device.o
                0x00000250                get_chip_info
 .text.dev_get_nvm_info
                0x00000258       0x3c cupdi/device/device.o
                0x00000258                dev_get_nvm_info
 .text.msleep   0x00000294       0x10 cupdi/platform/delay.o
                0x00000294                msleep
 .text.err_cb_USART_0
                0x000002a4        0x2 cupdi/platform/serial.o
 .text.rx_cb_USART_0
                0x000002a6        0x2 cupdi/platform/serial.o
 .text.tx_cb_USART_0
                0x000002a8        0x2 cupdi/platform/serial.o
 *fill*         0x000002aa        0x2 
 .text.SetPortState
                0x000002ac       0xb4 cupdi/platform/serial.o
                0x000002ac                SetPortState
 .text.OpenPort
                0x00000360       0x80 cupdi/platform/serial.o
                0x00000360                OpenPort
 .text.FlushPort
                0x000003e0       0x2c cupdi/platform/serial.o
                0x000003e0                FlushPort
 .text.SendData
                0x0000040c       0x28 cupdi/platform/serial.o
                0x0000040c                SendData
 .text.ReadData
                0x00000434       0x10 cupdi/platform/serial.o
                0x00000434                ReadData
 .text.ClosePort
                0x00000444       0x18 cupdi/platform/serial.o
                0x00000444                ClosePort
 .text.updi_application_init
                0x0000045c       0x28 cupdi/updi/application.o
                0x0000045c                updi_application_init
 .text.updi_application_deinit
                0x00000484       0x20 cupdi/updi/application.o
                0x00000484                updi_application_deinit
 .text.app_in_prog_mode
                0x000004a4       0x34 cupdi/updi/application.o
                0x000004a4                app_in_prog_mode
 .text.app_wait_unlocked
                0x000004d8       0x54 cupdi/updi/application.o
                0x000004d8                app_wait_unlocked
 .text.app_disable
                0x0000052c       0x30 cupdi/updi/application.o
                0x0000052c                app_disable
 .text.app_reset
                0x0000055c       0x34 cupdi/updi/application.o
                0x0000055c                app_reset
 .text.app_toggle_reset
                0x00000590       0x48 cupdi/updi/application.o
                0x00000590                app_toggle_reset
 .text.app_unlock
                0x000005d8       0x7c cupdi/updi/application.o
                0x000005d8                app_unlock
 .text.app_enter_progmode
                0x00000654       0x94 cupdi/updi/application.o
                0x00000654                app_enter_progmode
 .text.app_leave_progmode
                0x000006e8       0x3c cupdi/updi/application.o
                0x000006e8                app_leave_progmode
 .text.app_wait_flash_ready
                0x00000724       0x64 cupdi/updi/application.o
                0x00000724                app_wait_flash_ready
 .text.app_execute_nvm_command
                0x00000788       0x2c cupdi/updi/application.o
                0x00000788                app_execute_nvm_command
 .text.app_chip_erase
                0x000007b4       0x50 cupdi/updi/application.o
                0x000007b4                app_chip_erase
 .text.app_read_data_words
                0x00000804       0x90 cupdi/updi/application.o
                0x00000804                app_read_data_words
 .text.app_read_data_bytes
                0x00000894       0x94 cupdi/updi/application.o
                0x00000894                app_read_data_bytes
 .text.app_read_data
                0x00000928       0x34 cupdi/updi/application.o
                0x00000928                app_read_data
 .text.app_device_info
                0x0000095c       0x7c cupdi/updi/application.o
                0x0000095c                app_device_info
 .text.app_write_data_words
                0x000009d8       0x98 cupdi/updi/application.o
                0x000009d8                app_write_data_words
 .text.app_write_data_bytes
                0x00000a70       0x94 cupdi/updi/application.o
                0x00000a70                app_write_data_bytes
 .text.app_write_data
                0x00000b04       0x34 cupdi/updi/application.o
                0x00000b04                app_write_data
 .text._app_write_nvm
                0x00000b38       0xa4 cupdi/updi/application.o
                0x00000b38                _app_write_nvm
 .text.app_write_nvm
                0x00000bdc       0x18 cupdi/updi/application.o
                0x00000bdc                app_write_nvm
 .text.updi_datalink_deinit
                0x00000bf4       0x20 cupdi/updi/link.o
                0x00000bf4                updi_datalink_deinit
 .text._link_ldcs
                0x00000c14       0x5c cupdi/updi/link.o
                0x00000c14                _link_ldcs
 .text.link_check
                0x00000c70       0x44 cupdi/updi/link.o
                0x00000c70                link_check
 .text.link_stcs
                0x00000cb4       0x44 cupdi/updi/link.o
                0x00000cb4                link_stcs
 .text.link_set_init
                0x00000cf8       0xc4 cupdi/updi/link.o
                0x00000cf8                link_set_init
 .text.updi_datalink_init
                0x00000dbc       0x70 cupdi/updi/link.o
                0x00000dbc                updi_datalink_init
 .text._link_ld
                0x00000e2c       0x58 cupdi/updi/link.o
                0x00000e2c                _link_ld
 .text._link_ld16
                0x00000e84       0x58 cupdi/updi/link.o
                0x00000e84                _link_ld16
 .text.link_st  0x00000edc       0x78 cupdi/updi/link.o
                0x00000edc                link_st
 .text.link_st16
                0x00000f54       0x7c cupdi/updi/link.o
                0x00000f54                link_st16
 .text.link_ld_ptr_inc
                0x00000fd0       0x50 cupdi/updi/link.o
                0x00000fd0                link_ld_ptr_inc
 .text.link_ld_ptr_inc16
                0x00001020       0x54 cupdi/updi/link.o
                0x00001020                link_ld_ptr_inc16
 .text.link_st_ptr
                0x00001074       0x58 cupdi/updi/link.o
                0x00001074                link_st_ptr
 .text.link_st_ptr_inc
                0x000010cc       0x8c cupdi/updi/link.o
                0x000010cc                link_st_ptr_inc
 .text.link_st_ptr_inc16
                0x00001158       0x98 cupdi/updi/link.o
                0x00001158                link_st_ptr_inc16
 .text.link_repeat
                0x000011f0       0x3c cupdi/updi/link.o
                0x000011f0                link_repeat
 .text.link_repeat16
                0x0000122c       0x40 cupdi/updi/link.o
                0x0000122c                link_repeat16
 .text.link_read_sib
                0x0000126c       0x24 cupdi/updi/link.o
                0x0000126c                link_read_sib
 .text.link_key
                0x00001290       0x70 cupdi/updi/link.o
                0x00001290                link_key
 .text.updi_nvm_init
                0x00001300       0x2c cupdi/updi/nvm.o
                0x00001300                updi_nvm_init
 .text.updi_nvm_deinit
                0x0000132c       0x20 cupdi/updi/nvm.o
                0x0000132c                updi_nvm_deinit
 .text.nvm_get_device_info
                0x0000134c       0x24 cupdi/updi/nvm.o
                0x0000134c                nvm_get_device_info
 .text.nvm_enter_progmode
                0x00001370       0x30 cupdi/updi/nvm.o
                0x00001370                nvm_enter_progmode
 .text.nvm_leave_progmode
                0x000013a0       0x38 cupdi/updi/nvm.o
                0x000013a0                nvm_leave_progmode
 .text.nvm_unlock_device
                0x000013d8       0x38 cupdi/updi/nvm.o
                0x000013d8                nvm_unlock_device
 .text.nvm_chip_erase
                0x00001410       0x34 cupdi/updi/nvm.o
                0x00001410                nvm_chip_erase
 .text.nvm_get_block_info
                0x00001444       0x28 cupdi/updi/nvm.o
                0x00001444                nvm_get_block_info
 .text.nvm_write_flash
                0x0000146c       0xd0 cupdi/updi/nvm.o
                0x0000146c                nvm_write_flash
 .text.updi_physical_deinit
                0x0000153c       0x24 cupdi/updi/physical.o
                0x0000153c                updi_physical_deinit
 .text.phy_set_baudrate
                0x00001560       0x50 cupdi/updi/physical.o
                0x00001560                phy_set_baudrate
 .text.phy_send_each
                0x000015b0       0x9c cupdi/updi/physical.o
                0x000015b0                phy_send_each
 .text.phy_send
                0x0000164c       0xb0 cupdi/updi/physical.o
                0x0000164c                phy_send
 .text.phy_send_double_break
                0x000016fc       0x74 cupdi/updi/physical.o
                0x000016fc                phy_send_double_break
 .text.updi_physical_init
                0x00001770       0x5c cupdi/updi/physical.o
                0x00001770                updi_physical_init
 .text.phy_send_byte
                0x000017cc       0x18 cupdi/updi/physical.o
                0x000017cc                phy_send_byte
 .text.phy_receive
                0x000017e4       0x4c cupdi/updi/physical.o
                0x000017e4                phy_receive
 .text.phy_transfer
                0x00001830       0x30 cupdi/updi/physical.o
                0x00001830                phy_transfer
 .text.phy_sib  0x00001860       0x58 cupdi/updi/physical.o
                0x00001860                phy_sib
 .text.Dummy_Handler
                0x000018b8        0x2 Device_Startup/startup_saml21.o
                0x000018b8                SVCall_Handler
                0x000018b8                DMAC_Handler
                0x000018b8                TRNG_Handler
                0x000018b8                HardFault_Handler
                0x000018b8                TC2_Handler
                0x000018b8                AC_Handler
                0x000018b8                SysTick_Handler
                0x000018b8                PendSV_Handler
                0x000018b8                SERCOM1_Handler
                0x000018b8                ADC_Handler
                0x000018b8                NonMaskableInt_Handler
                0x000018b8                TCC1_Handler
                0x000018b8                SERCOM2_Handler
                0x000018b8                TCC0_Handler
                0x000018b8                RTC_Handler
                0x000018b8                EIC_Handler
                0x000018b8                WDT_Handler
                0x000018b8                TC4_Handler
                0x000018b8                TC1_Handler
                0x000018b8                USB_Handler
                0x000018b8                TC3_Handler
                0x000018b8                Dummy_Handler
                0x000018b8                SERCOM5_Handler
                0x000018b8                TCC2_Handler
                0x000018b8                EVSYS_Handler
                0x000018b8                SERCOM3_Handler
                0x000018b8                NVMCTRL_Handler
                0x000018b8                SYSTEM_Handler
                0x000018b8                SERCOM0_Handler
                0x000018b8                DAC_Handler
                0x000018b8                PTC_Handler
                0x000018b8                TC0_Handler
                0x000018b8                AES_Handler
 *fill*         0x000018ba        0x2 
 .text.Reset_Handler
                0x000018bc       0x70 Device_Startup/startup_saml21.o
                0x000018bc                Reset_Handler
 .text.USART_0_CLOCK_init
                0x0000192c       0x24 driver_init.o
                0x0000192c                USART_0_CLOCK_init
 .text.USART_0_PORT_init
                0x00001950       0x3c driver_init.o
                0x00001950                USART_0_PORT_init
 .text.USART_0_init
                0x0000198c       0x34 driver_init.o
                0x0000198c                USART_0_init
 .text.system_init
                0x000019c0       0x14 driver_init.o
                0x000019c0                system_init
 .text.atomic_enter_critical
                0x000019d4        0xe hal/src/hal_atomic.o
                0x000019d4                atomic_enter_critical
 .text.atomic_leave_critical
                0x000019e2        0xc hal/src/hal_atomic.o
                0x000019e2                atomic_leave_critical
 *fill*         0x000019ee        0x2 
 .text.delay_ms
                0x000019f0       0x20 hal/src/hal_delay.o
                0x000019f0                delay_ms
 .text.io_write
                0x00001a10       0x30 hal/src/hal_io.o
                0x00001a10                io_write
 .text.io_read  0x00001a40       0x30 hal/src/hal_io.o
                0x00001a40                io_read
 .text.usart_transmission_complete
                0x00001a70       0x12 hal/src/hal_usart_async.o
 .text.usart_error
                0x00001a82       0x12 hal/src/hal_usart_async.o
 .text.usart_fill_rx_buffer
                0x00001a94       0x1c hal/src/hal_usart_async.o
 .text.usart_async_write
                0x00001ab0       0x5c hal/src/hal_usart_async.o
 .text.usart_process_byte_sent
                0x00001b0c       0x3c hal/src/hal_usart_async.o
 .text.usart_async_read
                0x00001b48       0x78 hal/src/hal_usart_async.o
 .text.usart_async_init
                0x00001bc0       0x8c hal/src/hal_usart_async.o
                0x00001bc0                usart_async_init
 .text.usart_async_enable
                0x00001c4c       0x2c hal/src/hal_usart_async.o
                0x00001c4c                usart_async_enable
 .text.usart_async_disable
                0x00001c78       0x2c hal/src/hal_usart_async.o
                0x00001c78                usart_async_disable
 .text.usart_async_get_io_descriptor
                0x00001ca4       0x28 hal/src/hal_usart_async.o
                0x00001ca4                usart_async_get_io_descriptor
 .text.usart_async_register_callback
                0x00001ccc       0x6c hal/src/hal_usart_async.o
                0x00001ccc                usart_async_register_callback
 .text.usart_async_set_baud_rate
                0x00001d38       0x30 hal/src/hal_usart_async.o
                0x00001d38                usart_async_set_baud_rate
 .text.usart_async_set_parity
                0x00001d68       0x30 hal/src/hal_usart_async.o
                0x00001d68                usart_async_set_parity
 .text.usart_async_set_stopbits
                0x00001d98       0x30 hal/src/hal_usart_async.o
                0x00001d98                usart_async_set_stopbits
 .text.usart_async_set_character_size
                0x00001dc8       0x30 hal/src/hal_usart_async.o
                0x00001dc8                usart_async_set_character_size
 .text.usart_async_flush_rx_buffer
                0x00001df8       0x2c hal/src/hal_usart_async.o
                0x00001df8                usart_async_flush_rx_buffer
 .text.assert   0x00001e24        0x8 hal/utils/src/utils_assert.o
                0x00001e24                assert
 .text.ringbuffer_init
                0x00001e2c       0x40 hal/utils/src/utils_ringbuffer.o
                0x00001e2c                ringbuffer_init
 .text.ringbuffer_get
                0x00001e6c       0x44 hal/utils/src/utils_ringbuffer.o
                0x00001e6c                ringbuffer_get
 .text.ringbuffer_put
                0x00001eb0       0x40 hal/utils/src/utils_ringbuffer.o
                0x00001eb0                ringbuffer_put
 .text.ringbuffer_num
                0x00001ef0       0x24 hal/utils/src/utils_ringbuffer.o
                0x00001ef0                ringbuffer_num
 .text.ringbuffer_flush
                0x00001f14       0x24 hal/utils/src/utils_ringbuffer.o
                0x00001f14                ringbuffer_flush
 .text._get_cycles_for_ms
                0x00001f38       0x1c hpl/core/hpl_core_m0plus_base.o
                0x00001f38                _get_cycles_for_ms
 .text._delay_cycles
                0x00001f54        0x6 hpl/core/hpl_core_m0plus_base.o
                0x00001f54                _delay_cycles
 *fill*         0x00001f5a        0x2 
 .text._init_chip
                0x00001f5c       0x44 hpl/core/hpl_init.o
                0x00001f5c                _init_chip
 .text._gclk_init_generators_by_fref
                0x00001fa0       0x20 hpl/gclk/hpl_gclk.o
                0x00001fa0                _gclk_init_generators_by_fref
 .text._mclk_init
                0x00001fc0       0x14 hpl/mclk/hpl_mclk.o
                0x00001fc0                _mclk_init
 .text._osc32kctrl_init_sources
                0x00001fd4       0x18 hpl/osc32kctrl/hpl_osc32kctrl.o
                0x00001fd4                _osc32kctrl_init_sources
 .text._oscctrl_init_sources
                0x00001fec       0x38 hpl/oscctrl/hpl_oscctrl.o
                0x00001fec                _oscctrl_init_sources
 .text._oscctrl_init_referenced_generators
                0x00002024        0x2 hpl/oscctrl/hpl_oscctrl.o
                0x00002024                _oscctrl_init_referenced_generators
 .text._set_performance_level
                0x00002026       0x24 hpl/pm/hpl_pm.o
                0x00002026                _set_performance_level
 *fill*         0x0000204a        0x2 
 .text.__NVIC_EnableIRQ
                0x0000204c       0x18 hpl/sercom/hpl_sercom.o
 .text.__NVIC_DisableIRQ
                0x00002064       0x20 hpl/sercom/hpl_sercom.o
 .text.__NVIC_ClearPendingIRQ
                0x00002084       0x1c hpl/sercom/hpl_sercom.o
 .text.hri_sercomusart_wait_for_sync
                0x000020a0        0x8 hpl/sercom/hpl_sercom.o
 .text.hri_sercomusart_get_CTRLA_ENABLE_bit
                0x000020a8       0x18 hpl/sercom/hpl_sercom.o
 .text.hri_sercomusart_write_CTRLA_ENABLE_bit
                0x000020c0       0x1c hpl/sercom/hpl_sercom.o
 .text.hri_sercomusart_clear_CTRLA_ENABLE_bit
                0x000020dc       0x18 hpl/sercom/hpl_sercom.o
 .text._usart_set_baud_rate
                0x000020f4       0x4c hpl/sercom/hpl_sercom.o
 .text._usart_set_stop_bits
                0x00002140       0x60 hpl/sercom/hpl_sercom.o
 .text._usart_set_character_size
                0x000021a0       0x60 hpl/sercom/hpl_sercom.o
 .text._usart_set_parity
                0x00002200       0x84 hpl/sercom/hpl_sercom.o
 .text._usart_init
                0x00002284       0x94 hpl/sercom/hpl_sercom.o
 .text._sercom_get_irq_num
                0x00002318       0x1c hpl/sercom/hpl_sercom.o
 .text._usart_async_init
                0x00002334       0x6c hpl/sercom/hpl_sercom.o
                0x00002334                _usart_async_init
 .text._usart_async_enable
                0x000023a0       0x18 hpl/sercom/hpl_sercom.o
                0x000023a0                _usart_async_enable
 .text._usart_async_disable
                0x000023b8       0x10 hpl/sercom/hpl_sercom.o
                0x000023b8                _usart_async_disable
 .text._usart_async_set_baud_rate
                0x000023c8       0x10 hpl/sercom/hpl_sercom.o
                0x000023c8                _usart_async_set_baud_rate
 .text._usart_async_set_parity
                0x000023d8       0x10 hpl/sercom/hpl_sercom.o
                0x000023d8                _usart_async_set_parity
 .text._usart_async_set_stop_bits
                0x000023e8       0x10 hpl/sercom/hpl_sercom.o
                0x000023e8                _usart_async_set_stop_bits
 .text._usart_async_set_character_size
                0x000023f8       0x10 hpl/sercom/hpl_sercom.o
                0x000023f8                _usart_async_set_character_size
 .text._usart_async_write_byte
                0x00002408        0x8 hpl/sercom/hpl_sercom.o
                0x00002408                _usart_async_write_byte
 .text._usart_async_enable_byte_sent_irq
                0x00002410        0x8 hpl/sercom/hpl_sercom.o
                0x00002410                _usart_async_enable_byte_sent_irq
 .text._usart_async_enable_tx_done_irq
                0x00002418        0x8 hpl/sercom/hpl_sercom.o
                0x00002418                _usart_async_enable_tx_done_irq
 .text._usart_async_set_irq_state
                0x00002420       0x58 hpl/sercom/hpl_sercom.o
                0x00002420                _usart_async_set_irq_state
 .text.SERCOM4_Handler
                0x00002478       0x6c hpl/sercom/hpl_sercom.o
                0x00002478                SERCOM4_Handler
 .text.startup.main
                0x000024e4       0x14 main.o
                0x000024e4                main
 .text          0x000024f8       0x14 c:/program files (x86)/atmel/studio/7.0/toolchain/arm/arm-gnu-toolchain/bin/../lib/gcc/arm-none-eabi/6.3.1/thumb/v6-m\libgcc.a(_thumb1_case_uqi.o)
                0x000024f8                __gnu_thumb1_case_uqi
 .text          0x0000250c      0x114 c:/program files (x86)/atmel/studio/7.0/toolchain/arm/arm-gnu-toolchain/bin/../lib/gcc/arm-none-eabi/6.3.1/thumb/v6-m\libgcc.a(_udivsi3.o)
                0x0000250c                __aeabi_uidiv
                0x0000250c                __udivsi3
                0x00002618                __aeabi_uidivmod
 .text          0x00002620      0x1d4 c:/program files (x86)/atmel/studio/7.0/toolchain/arm/arm-gnu-toolchain/bin/../lib/gcc/arm-none-eabi/6.3.1/thumb/v6-m\libgcc.a(_divsi3.o)
                0x00002620                __divsi3
                0x00002620                __aeabi_idiv
                0x000027ec                __aeabi_idivmod
 .text          0x000027f4        0x4 c:/program files (x86)/atmel/studio/7.0/toolchain/arm/arm-gnu-toolchain/bin/../lib/gcc/arm-none-eabi/6.3.1/thumb/v6-m\libgcc.a(_dvmd_tls.o)
                0x000027f4                __aeabi_idiv0
                0x000027f4                __aeabi_ldiv0
 .text          0x000027f8       0x30 c:/program files (x86)/atmel/studio/7.0/toolchain/arm/arm-gnu-toolchain/bin/../lib/gcc/arm-none-eabi/6.3.1/thumb/v6-m\libgcc.a(_fixunssfsi.o)
                0x000027f8                __fixunssfsi
                0x000027f8                __aeabi_f2uiz
 .text          0x00002828      0x240 c:/program files (x86)/atmel/studio/7.0/toolchain/arm/arm-gnu-toolchain/bin/../lib/gcc/arm-none-eabi/6.3.1/thumb/v6-m\libgcc.a(mulsf3.o)
                0x00002828                __aeabi_fmul
 .text          0x00002a68      0x338 c:/program files (x86)/atmel/studio/7.0/toolchain/arm/arm-gnu-toolchain/bin/../lib/gcc/arm-none-eabi/6.3.1/thumb/v6-m\libgcc.a(subsf3.o)
                0x00002a68                __aeabi_fsub
 .text          0x00002da0       0x40 c:/program files (x86)/atmel/studio/7.0/toolchain/arm/arm-gnu-toolchain/bin/../lib/gcc/arm-none-eabi/6.3.1/thumb/v6-m\libgcc.a(fixsfsi.o)
                0x00002da0                __aeabi_f2iz
 .text          0x00002de0       0x8c c:/program files (x86)/atmel/studio/7.0/toolchain/arm/arm-gnu-toolchain/bin/../lib/gcc/arm-none-eabi/6.3.1/thumb/v6-m\libgcc.a(floatunsisf.o)
                0x00002de0                __aeabi_ui2f
 .text          0x00002e6c       0x74 c:/program files (x86)/atmel/studio/7.0/toolchain/arm/arm-gnu-toolchain/bin/../lib/gcc/arm-none-eabi/6.3.1/thumb/v6-m\libgcc.a(_arm_cmpsf2.o)
                0x00002e6c                __aeabi_cfrcmple
                0x00002e74                __aeabi_cfcmpeq
                0x00002e74                __aeabi_cfcmple
                0x00002e84                __aeabi_fcmpeq
                0x00002e90                __aeabi_fcmplt
                0x00002ea4                __aeabi_fcmple
                0x00002eb8                __aeabi_fcmpgt
                0x00002ecc                __aeabi_fcmpge
 .text          0x00002ee0       0x3c c:/program files (x86)/atmel/studio/7.0/toolchain/arm/arm-gnu-toolchain/bin/../lib/gcc/arm-none-eabi/6.3.1/thumb/v6-m\libgcc.a(_clzsi2.o)
                0x00002ee0                __clzsi2
 .text          0x00002f1c       0x4c c:/program files (x86)/atmel/studio/7.0/toolchain/arm/arm-gnu-toolchain/bin/../lib/gcc/arm-none-eabi/6.3.1/thumb/v6-m\libgcc.a(eqsf2.o)
                0x00002f1c                __eqsf2
                0x00002f1c                __nesf2
 .text          0x00002f68       0x80 c:/program files (x86)/atmel/studio/7.0/toolchain/arm/arm-gnu-toolchain/bin/../lib/gcc/arm-none-eabi/6.3.1/thumb/v6-m\libgcc.a(gesf2.o)
                0x00002f68                __gesf2
                0x00002f68                __gtsf2
 .text          0x00002fe8       0x84 c:/program files (x86)/atmel/studio/7.0/toolchain/arm/arm-gnu-toolchain/bin/../lib/gcc/arm-none-eabi/6.3.1/thumb/v6-m\libgcc.a(lesf2.o)
                0x00002fe8                __ltsf2
                0x00002fe8                __lesf2
 .text.__libc_init_array
                0x0000306c       0x48 c:/program files (x86)/atmel/studio/7.0/toolchain/arm/arm-gnu-toolchain/bin/../lib/gcc/arm-none-eabi/6.3.1/../../../../arm-none-eabi/lib/thumb/v6-m\libc_nano.a(lib_a-init.o)
                0x0000306c                __libc_init_array
 .text.memcpy   0x000030b4       0x12 c:/program files (x86)/atmel/studio/7.0/toolchain/arm/arm-gnu-toolchain/bin/../lib/gcc/arm-none-eabi/6.3.1/../../../../arm-none-eabi/lib/thumb/v6-m\libc_nano.a(lib_a-memcpy-stub.o)
                0x000030b4                memcpy
 .text.memset   0x000030c6       0x10 c:/program files (x86)/atmel/studio/7.0/toolchain/arm/arm-gnu-toolchain/bin/../lib/gcc/arm-none-eabi/6.3.1/../../../../arm-none-eabi/lib/thumb/v6-m\libc_nano.a(lib_a-memset.o)
                0x000030c6                memset
 *(.glue_7t)
 .glue_7t       0x000030d6        0x0 linker stubs
 *(.glue_7)
 .glue_7        0x000030d6        0x0 linker stubs
 *(.rodata .rodata* .gnu.linkonce.r.*)
 .rodata.str1.1
                0x000030d6        0x9 cupdi/cupdi.o
 *fill*         0x000030df        0x1 
 .rodata        0x000030e0       0x2c cupdi/device/device.o
                0x000030e8                device_tiny_161x
 .rodata.str1.1
                0x0000310c        0x9 cupdi/device/device.o
                                 0x12 (size before relaxing)
 .rodata        0x00003115     0x1e4a cupdi/hex_file/ihex.o
                0x00003115                bindata0
 .rodata.str1.1
                0x00004f5f       0x12 cupdi/updi/application.o
 .rodata        0x00004f71        0x4 cupdi/updi/link.o
 .rodata        0x00004f75        0x2 cupdi/updi/physical.o
 .rodata.str1.1
                0x00004f77       0x14 hal/src/hal_io.o
 .rodata.str1.1
                0x00004f8b       0x1d hal/src/hal_usart_async.o
 .rodata.str1.1
                0x00004fa8       0x24 hal/utils/src/utils_ringbuffer.o
 .rodata.str1.1
                0x00004fcc       0x1b hpl/sercom/hpl_sercom.o
 *fill*         0x00004fe7        0x1 
 .rodata        0x00004fe8       0x40 c:/program files (x86)/atmel/studio/7.0/toolchain/arm/arm-gnu-toolchain/bin/../lib/gcc/arm-none-eabi/6.3.1/thumb/v6-m\libgcc.a(mulsf3.o)
 *(.ARM.extab* .gnu.linkonce.armextab.*)
                0x00005028                . = ALIGN (0x4)
 *(.init)
 .init          0x00005028        0x4 c:/program files (x86)/atmel/studio/7.0/toolchain/arm/arm-gnu-toolchain/bin/../lib/gcc/arm-none-eabi/6.3.1/thumb/v6-m/crti.o
                0x00005028                _init
 .init          0x0000502c        0x8 c:/program files (x86)/atmel/studio/7.0/toolchain/arm/arm-gnu-toolchain/bin/../lib/gcc/arm-none-eabi/6.3.1/thumb/v6-m/crtn.o
                0x00005034                . = ALIGN (0x4)
                0x00005034                __preinit_array_start = .
 *(.preinit_array)
                0x00005034                __preinit_array_end = .
                0x00005034                . = ALIGN (0x4)
                0x00005034                __init_array_start = .
 *(SORT(.init_array.*))
 *(.init_array)
 .init_array    0x00005034        0x4 c:/program files (x86)/atmel/studio/7.0/toolchain/arm/arm-gnu-toolchain/bin/../lib/gcc/arm-none-eabi/6.3.1/thumb/v6-m/crtbegin.o
                0x00005038                __init_array_end = .
                0x00005038                . = ALIGN (0x4)
 *crtbegin.o(.ctors)
 *(EXCLUDE_FILE(*crtend.o) .ctors)
 *(SORT(.ctors.*))
 *crtend.o(.ctors)
                0x00005038                . = ALIGN (0x4)
 *(.fini)
 .fini          0x00005038        0x4 c:/program files (x86)/atmel/studio/7.0/toolchain/arm/arm-gnu-toolchain/bin/../lib/gcc/arm-none-eabi/6.3.1/thumb/v6-m/crti.o
                0x00005038                _fini
 .fini          0x0000503c        0x8 c:/program files (x86)/atmel/studio/7.0/toolchain/arm/arm-gnu-toolchain/bin/../lib/gcc/arm-none-eabi/6.3.1/thumb/v6-m/crtn.o
                0x00005044                . = ALIGN (0x4)
                0x00005044                __fini_array_start = .
 *(.fini_array)
 .fini_array    0x00005044        0x4 c:/program files (x86)/atmel/studio/7.0/toolchain/arm/arm-gnu-toolchain/bin/../lib/gcc/arm-none-eabi/6.3.1/thumb/v6-m/crtbegin.o
 *(SORT(.fini_array.*))
                0x00005048                __fini_array_end = .
 *crtbegin.o(.dtors)
 *(EXCLUDE_FILE(*crtend.o) .dtors)
 *(SORT(.dtors.*))
 *crtend.o(.dtors)
                0x00005048                . = ALIGN (0x4)
                0x00005048                _efixed = .
                [!provide]                PROVIDE (__exidx_start, .)

.vfp11_veneer   0x00005048        0x0
 .vfp11_veneer  0x00005048        0x0 linker stubs

.v4_bx          0x00005048        0x0
 .v4_bx         0x00005048        0x0 linker stubs

.iplt           0x00005048        0x0
 .iplt          0x00005048        0x0 c:/program files (x86)/atmel/studio/7.0/toolchain/arm/arm-gnu-toolchain/bin/../lib/gcc/arm-none-eabi/6.3.1/thumb/v6-m/crtbegin.o

.eh_frame       0x00005048        0x0
 .eh_frame      0x00005048        0x0 c:/program files (x86)/atmel/studio/7.0/toolchain/arm/arm-gnu-toolchain/bin/../lib/gcc/arm-none-eabi/6.3.1/thumb/v6-m/crtbegin.o

.rel.dyn        0x00005048        0x0
 .rel.iplt      0x00005048        0x0 c:/program files (x86)/atmel/studio/7.0/toolchain/arm/arm-gnu-toolchain/bin/../lib/gcc/arm-none-eabi/6.3.1/thumb/v6-m/crtbegin.o

.jcr            0x00005048        0x0
 .jcr           0x00005048        0x0 c:/program files (x86)/atmel/studio/7.0/toolchain/arm/arm-gnu-toolchain/bin/../lib/gcc/arm-none-eabi/6.3.1/thumb/v6-m/crtbegin.o

.igot.plt       0x00005048        0x0
 .igot.plt      0x00005048        0x0 c:/program files (x86)/atmel/studio/7.0/toolchain/arm/arm-gnu-toolchain/bin/../lib/gcc/arm-none-eabi/6.3.1/thumb/v6-m/crtbegin.o

.ARM.exidx
 *(.ARM.exidx* .gnu.linkonce.armexidx.*)
                [!provide]                PROVIDE (__exidx_end, .)
                0x00005048                . = ALIGN (0x4)
                0x00005048                _etext = .

.relocate       0x20000000      0x504 load address 0x00005048
                0x20000000                . = ALIGN (0x4)
                0x20000000                _srelocate = .
 *(.ramfunc .ramfunc.*)
 *(.data .data.*)
 .data          0x20000000      0x504 cupdi/hex_file/ihex.o
                0x20000000                hexdata
                0x20000504                . = ALIGN (0x4)
                0x20000504                _erelocate = .

.lpram          0x30000000        0x0
                0x30000000                . = ALIGN (0x8)
                0x30000000                _slpram = .
 *(.lpram .lpram.*)
                0x30000000                . = ALIGN (0x8)
                0x30000000                _elpram = .

.bss            0x20000504       0xe8 load address 0x0000554c
                0x20000504                . = ALIGN (0x4)
                0x20000504                _sbss = .
                0x20000504                _szero = .
 *(.bss .bss.*)
 .bss           0x20000504       0x1c c:/program files (x86)/atmel/studio/7.0/toolchain/arm/arm-gnu-toolchain/bin/../lib/gcc/arm-none-eabi/6.3.1/thumb/v6-m/crtbegin.o
 .bss           0x20000520       0x20 driver_init.o
 .bss           0x20000540        0x4 hal/src/hal_delay.o
 .bss           0x20000544        0x4 hpl/sercom/hpl_sercom.o
 *(COMMON)
 COMMON         0x20000548        0xc cupdi/platform/serial.o
                0x20000548                iodes
                0x2000054c                sercom
 COMMON         0x20000554        0xc cupdi/updi/application.o
                0x20000554                application
 COMMON         0x20000560        0x8 cupdi/updi/link.o
                0x20000560                datalink
 COMMON         0x20000568       0x10 cupdi/updi/nvm.o
                0x20000568                nvmmem
 COMMON         0x20000578       0x24 cupdi/updi/physical.o
                0x20000578                buffer
                0x20000588                physical
 COMMON         0x2000059c       0x50 driver_init.o
                0x2000059c                USART_0
                0x200005ec                . = ALIGN (0x4)
                0x200005ec                _ebss = .
                0x200005ec                _ezero = .

.stack          0x200005ec     0x2004 load address 0x00005634
                0x200005f0                . = ALIGN (0x8)
 *fill*         0x200005ec        0x4 
                0x200005f0                _sstack = .
                0x200025f0                . = (. + STACK_SIZE)
 *fill*         0x200005f0     0x2000 
                0x200025f0                . = ALIGN (0x8)
                0x200025f0                _estack = .
                0x200025f0                . = ALIGN (0x4)
                0x200025f0                _end = .
OUTPUT(updi_test_V3.elf elf32-littlearm)

.ARM.attributes
                0x00000000       0x28
 .ARM.attributes
                0x00000000       0x1e c:/program files (x86)/atmel/studio/7.0/toolchain/arm/arm-gnu-toolchain/bin/../lib/gcc/arm-none-eabi/6.3.1/thumb/v6-m/crti.o
 .ARM.attributes
                0x0000001e       0x2c c:/program files (x86)/atmel/studio/7.0/toolchain/arm/arm-gnu-toolchain/bin/../lib/gcc/arm-none-eabi/6.3.1/thumb/v6-m/crtbegin.o
 .ARM.attributes
                0x0000004a       0x2e atmel_start.o
 .ARM.attributes
                0x00000078       0x2e cupdi/cupdi.o
 .ARM.attributes
                0x000000a6       0x2e cupdi/device/device.o
 .ARM.attributes
                0x000000d4       0x2e cupdi/hex_file/ihex.o
 .ARM.attributes
                0x00000102       0x2e cupdi/platform/delay.o
 .ARM.attributes
                0x00000130       0x2e cupdi/platform/serial.o
 .ARM.attributes
                0x0000015e       0x2e cupdi/updi/application.o
 .ARM.attributes
                0x0000018c       0x2e cupdi/updi/link.o
 .ARM.attributes
                0x000001ba       0x2e cupdi/updi/nvm.o
 .ARM.attributes
                0x000001e8       0x2e cupdi/updi/physical.o
 .ARM.attributes
                0x00000216       0x2e Device_Startup/startup_saml21.o
 .ARM.attributes
                0x00000244       0x2e driver_init.o
 .ARM.attributes
                0x00000272       0x2e hal/src/hal_atomic.o
 .ARM.attributes
                0x000002a0       0x2e hal/src/hal_delay.o
 .ARM.attributes
                0x000002ce       0x2e hal/src/hal_io.o
 .ARM.attributes
                0x000002fc       0x2e hal/src/hal_usart_async.o
 .ARM.attributes
                0x0000032a       0x2e hal/utils/src/utils_assert.o
 .ARM.attributes
                0x00000358       0x2e hal/utils/src/utils_ringbuffer.o
 .ARM.attributes
                0x00000386       0x2e hpl/core/hpl_core_m0plus_base.o
 .ARM.attributes
                0x000003b4       0x2e hpl/core/hpl_init.o
 .ARM.attributes
                0x000003e2       0x2e hpl/gclk/hpl_gclk.o
 .ARM.attributes
                0x00000410       0x2e hpl/mclk/hpl_mclk.o
 .ARM.attributes
                0x0000043e       0x2e hpl/osc32kctrl/hpl_osc32kctrl.o
 .ARM.attributes
                0x0000046c       0x2e hpl/oscctrl/hpl_oscctrl.o
 .ARM.attributes
                0x0000049a       0x2e hpl/pm/hpl_pm.o
 .ARM.attributes
                0x000004c8       0x2e hpl/sercom/hpl_sercom.o
 .ARM.attributes
                0x000004f6       0x2e main.o
 .ARM.attributes
                0x00000524       0x1e c:/program files (x86)/atmel/studio/7.0/toolchain/arm/arm-gnu-toolchain/bin/../lib/gcc/arm-none-eabi/6.3.1/thumb/v6-m\libgcc.a(_thumb1_case_uqi.o)
 .ARM.attributes
                0x00000542       0x1e c:/program files (x86)/atmel/studio/7.0/toolchain/arm/arm-gnu-toolchain/bin/../lib/gcc/arm-none-eabi/6.3.1/thumb/v6-m\libgcc.a(_udivsi3.o)
 .ARM.attributes
                0x00000560       0x1e c:/program files (x86)/atmel/studio/7.0/toolchain/arm/arm-gnu-toolchain/bin/../lib/gcc/arm-none-eabi/6.3.1/thumb/v6-m\libgcc.a(_divsi3.o)
 .ARM.attributes
                0x0000057e       0x1e c:/program files (x86)/atmel/studio/7.0/toolchain/arm/arm-gnu-toolchain/bin/../lib/gcc/arm-none-eabi/6.3.1/thumb/v6-m\libgcc.a(_dvmd_tls.o)
 .ARM.attributes
                0x0000059c       0x2c c:/program files (x86)/atmel/studio/7.0/toolchain/arm/arm-gnu-toolchain/bin/../lib/gcc/arm-none-eabi/6.3.1/thumb/v6-m\libgcc.a(_fixunssfsi.o)
 .ARM.attributes
                0x000005c8       0x2c c:/program files (x86)/atmel/studio/7.0/toolchain/arm/arm-gnu-toolchain/bin/../lib/gcc/arm-none-eabi/6.3.1/thumb/v6-m\libgcc.a(mulsf3.o)
 .ARM.attributes
                0x000005f4       0x2c c:/program files (x86)/atmel/studio/7.0/toolchain/arm/arm-gnu-toolchain/bin/../lib/gcc/arm-none-eabi/6.3.1/thumb/v6-m\libgcc.a(subsf3.o)
 .ARM.attributes
                0x00000620       0x2c c:/program files (x86)/atmel/studio/7.0/toolchain/arm/arm-gnu-toolchain/bin/../lib/gcc/arm-none-eabi/6.3.1/thumb/v6-m\libgcc.a(fixsfsi.o)
 .ARM.attributes
                0x0000064c       0x2c c:/program files (x86)/atmel/studio/7.0/toolchain/arm/arm-gnu-toolchain/bin/../lib/gcc/arm-none-eabi/6.3.1/thumb/v6-m\libgcc.a(floatunsisf.o)
 .ARM.attributes
                0x00000678       0x1e c:/program files (x86)/atmel/studio/7.0/toolchain/arm/arm-gnu-toolchain/bin/../lib/gcc/arm-none-eabi/6.3.1/thumb/v6-m\libgcc.a(_arm_cmpsf2.o)
 .ARM.attributes
                0x00000696       0x1e c:/program files (x86)/atmel/studio/7.0/toolchain/arm/arm-gnu-toolchain/bin/../lib/gcc/arm-none-eabi/6.3.1/thumb/v6-m\libgcc.a(_clzsi2.o)
 .ARM.attributes
                0x000006b4       0x2c c:/program files (x86)/atmel/studio/7.0/toolchain/arm/arm-gnu-toolchain/bin/../lib/gcc/arm-none-eabi/6.3.1/thumb/v6-m\libgcc.a(eqsf2.o)
 .ARM.attributes
                0x000006e0       0x2c c:/program files (x86)/atmel/studio/7.0/toolchain/arm/arm-gnu-toolchain/bin/../lib/gcc/arm-none-eabi/6.3.1/thumb/v6-m\libgcc.a(gesf2.o)
 .ARM.attributes
                0x0000070c       0x2c c:/program files (x86)/atmel/studio/7.0/toolchain/arm/arm-gnu-toolchain/bin/../lib/gcc/arm-none-eabi/6.3.1/thumb/v6-m\libgcc.a(lesf2.o)
 .ARM.attributes
                0x00000738       0x2c c:/program files (x86)/atmel/studio/7.0/toolchain/arm/arm-gnu-toolchain/bin/../lib/gcc/arm-none-eabi/6.3.1/../../../../arm-none-eabi/lib/thumb/v6-m\libc_nano.a(lib_a-init.o)
 .ARM.attributes
                0x00000764       0x2c c:/program files (x86)/atmel/studio/7.0/toolchain/arm/arm-gnu-toolchain/bin/../lib/gcc/arm-none-eabi/6.3.1/../../../../arm-none-eabi/lib/thumb/v6-m\libc_nano.a(lib_a-memcpy-stub.o)
 .ARM.attributes
                0x00000790       0x2c c:/program files (x86)/atmel/studio/7.0/toolchain/arm/arm-gnu-toolchain/bin/../lib/gcc/arm-none-eabi/6.3.1/../../../../arm-none-eabi/lib/thumb/v6-m\libc_nano.a(lib_a-memset.o)
 .ARM.attributes
                0x000007bc       0x1e c:/program files (x86)/atmel/studio/7.0/toolchain/arm/arm-gnu-toolchain/bin/../lib/gcc/arm-none-eabi/6.3.1/thumb/v6-m/crtn.o

.comment        0x00000000       0x59
 .comment       0x00000000       0x59 atmel_start.o
                                 0x5a (size before relaxing)
 .comment       0x00000059       0x5a cupdi/cupdi.o
 .comment       0x00000059       0x5a cupdi/device/device.o
 .comment       0x00000059       0x5a cupdi/hex_file/ihex.o
 .comment       0x00000059       0x5a cupdi/platform/delay.o
 .comment       0x00000059       0x5a cupdi/platform/serial.o
 .comment       0x00000059       0x5a cupdi/updi/application.o
 .comment       0x00000059       0x5a cupdi/updi/link.o
 .comment       0x00000059       0x5a cupdi/updi/nvm.o
 .comment       0x00000059       0x5a cupdi/updi/physical.o
 .comment       0x00000059       0x5a Device_Startup/startup_saml21.o
 .comment       0x00000059       0x5a driver_init.o
 .comment       0x00000059       0x5a hal/src/hal_atomic.o
 .comment       0x00000059       0x5a hal/src/hal_delay.o
 .comment       0x00000059       0x5a hal/src/hal_io.o
 .comment       0x00000059       0x5a hal/src/hal_usart_async.o
 .comment       0x00000059       0x5a hal/utils/src/utils_assert.o
 .comment       0x00000059       0x5a hal/utils/src/utils_ringbuffer.o
 .comment       0x00000059       0x5a hpl/core/hpl_core_m0plus_base.o
 .comment       0x00000059       0x5a hpl/core/hpl_init.o
 .comment       0x00000059       0x5a hpl/gclk/hpl_gclk.o
 .comment       0x00000059       0x5a hpl/mclk/hpl_mclk.o
 .comment       0x00000059       0x5a hpl/osc32kctrl/hpl_osc32kctrl.o
 .comment       0x00000059       0x5a hpl/oscctrl/hpl_oscctrl.o
 .comment       0x00000059       0x5a hpl/pm/hpl_pm.o
 .comment       0x00000059       0x5a hpl/sercom/hpl_sercom.o
 .comment       0x00000059       0x5a main.o

.debug_info     0x00000000    0x1d835
 .debug_info    0x00000000      0x3d3 atmel_start.o
 .debug_info    0x000003d3      0xf6e cupdi/cupdi.o
 .debug_info    0x00001341      0xc27 cupdi/device/device.o
 .debug_info    0x00001f68      0x194 cupdi/hex_file/ihex.o
 .debug_info    0x000020fc       0xe5 cupdi/platform/delay.o
 .debug_info    0x000021e1     0x1357 cupdi/platform/serial.o
 .debug_info    0x00003538     0x1d0d cupdi/updi/application.o
 .debug_info    0x00005245     0x18f4 cupdi/updi/link.o
 .debug_info    0x00006b39     0x146b cupdi/updi/nvm.o
 .debug_info    0x00007fa4     0x13f3 cupdi/updi/physical.o
 .debug_info    0x00009397      0xa27 Device_Startup/startup_saml21.o
 .debug_info    0x00009dbe     0x38da driver_init.o
 .debug_info    0x0000d698      0x1d1 hal/src/hal_atomic.o
 .debug_info    0x0000d869      0x1dc hal/src/hal_delay.o
 .debug_info    0x0000da45      0x2b2 hal/src/hal_io.o
 .debug_info    0x0000dcf7     0x1225 hal/src/hal_usart_async.o
 .debug_info    0x0000ef1c      0x107 hal/utils/src/utils_assert.o
 .debug_info    0x0000f023      0x2f1 hal/utils/src/utils_ringbuffer.o
 .debug_info    0x0000f314      0x859 hpl/core/hpl_core_m0plus_base.o
 .debug_info    0x0000fb6d      0x6d4 hpl/core/hpl_init.o
 .debug_info    0x00010241      0x582 hpl/gclk/hpl_gclk.o
 .debug_info    0x000107c3      0xa0e hpl/mclk/hpl_mclk.o
 .debug_info    0x000111d1      0x61c hpl/osc32kctrl/hpl_osc32kctrl.o
 .debug_info    0x000117ed      0xe4a hpl/oscctrl/hpl_oscctrl.o
 .debug_info    0x00012637      0xab0 hpl/pm/hpl_pm.o
 .debug_info    0x000130e7     0xa361 hpl/sercom/hpl_sercom.o
 .debug_info    0x0001d448      0x3ed main.o

.debug_abbrev   0x00000000     0x39ef
 .debug_abbrev  0x00000000       0xe3 atmel_start.o
 .debug_abbrev  0x000000e3      0x2b2 cupdi/cupdi.o
 .debug_abbrev  0x00000395      0x244 cupdi/device/device.o
 .debug_abbrev  0x000005d9       0xcc cupdi/hex_file/ihex.o
 .debug_abbrev  0x000006a5       0x9f cupdi/platform/delay.o
 .debug_abbrev  0x00000744      0x321 cupdi/platform/serial.o
 .debug_abbrev  0x00000a65      0x3cf cupdi/updi/application.o
 .debug_abbrev  0x00000e34      0x2df cupdi/updi/link.o
 .debug_abbrev  0x00001113      0x2e5 cupdi/updi/nvm.o
 .debug_abbrev  0x000013f8      0x384 cupdi/updi/physical.o
 .debug_abbrev  0x0000177c      0x1e4 Device_Startup/startup_saml21.o
 .debug_abbrev  0x00001960      0x367 driver_init.o
 .debug_abbrev  0x00001cc7      0x144 hal/src/hal_atomic.o
 .debug_abbrev  0x00001e0b       0xe1 hal/src/hal_delay.o
 .debug_abbrev  0x00001eec      0x115 hal/src/hal_io.o
 .debug_abbrev  0x00002001      0x2b7 hal/src/hal_usart_async.o
 .debug_abbrev  0x000022b8       0x86 hal/utils/src/utils_assert.o
 .debug_abbrev  0x0000233e       0xf4 hal/utils/src/utils_ringbuffer.o
 .debug_abbrev  0x00002432      0x2dc hpl/core/hpl_core_m0plus_base.o
 .debug_abbrev  0x0000270e      0x1d9 hpl/core/hpl_init.o
 .debug_abbrev  0x000028e7      0x19a hpl/gclk/hpl_gclk.o
 .debug_abbrev  0x00002a81      0x1c8 hpl/mclk/hpl_mclk.o
 .debug_abbrev  0x00002c49      0x1b1 hpl/osc32kctrl/hpl_osc32kctrl.o
 .debug_abbrev  0x00002dfa      0x242 hpl/oscctrl/hpl_oscctrl.o
 .debug_abbrev  0x0000303c      0x262 hpl/pm/hpl_pm.o
 .debug_abbrev  0x0000329e      0x66c hpl/sercom/hpl_sercom.o
 .debug_abbrev  0x0000390a       0xe5 main.o

.debug_loc      0x00000000     0xd304
 .debug_loc     0x00000000       0x20 atmel_start.o
 .debug_loc     0x00000020      0x26d cupdi/cupdi.o
 .debug_loc     0x0000028d      0x17d cupdi/device/device.o
 .debug_loc     0x0000040a       0x41 cupdi/platform/delay.o
 .debug_loc     0x0000044b      0x41f cupdi/platform/serial.o
 .debug_loc     0x0000086a     0x1aca cupdi/updi/application.o
 .debug_loc     0x00002334     0x160c cupdi/updi/link.o
 .debug_loc     0x00003940     0x11d8 cupdi/updi/nvm.o
 .debug_loc     0x00004b18      0xc7e cupdi/updi/physical.o
 .debug_loc     0x00005796       0x4b Device_Startup/startup_saml21.o
 .debug_loc     0x000057e1      0x274 driver_init.o
 .debug_loc     0x00005a55       0x13 hal/src/hal_atomic.o
 .debug_loc     0x00005a68       0xc3 hal/src/hal_delay.o
 .debug_loc     0x00005b2b      0x132 hal/src/hal_io.o
 .debug_loc     0x00005c5d      0xcf3 hal/src/hal_usart_async.o
 .debug_loc     0x00006950      0x257 hal/utils/src/utils_ringbuffer.o
 .debug_loc     0x00006ba7      0x1f7 hpl/core/hpl_core_m0plus_base.o
 .debug_loc     0x00006d9e       0x4c hpl/core/hpl_init.o
 .debug_loc     0x00006dea       0x72 hpl/gclk/hpl_gclk.o
 .debug_loc     0x00006e5c       0x84 hpl/mclk/hpl_mclk.o
 .debug_loc     0x00006ee0       0x94 hpl/osc32kctrl/hpl_osc32kctrl.o
 .debug_loc     0x00006f74       0x38 hpl/oscctrl/hpl_oscctrl.o
 .debug_loc     0x00006fac      0x148 hpl/pm/hpl_pm.o
 .debug_loc     0x000070f4     0x61f0 hpl/sercom/hpl_sercom.o
 .debug_loc     0x0000d2e4       0x20 main.o

.debug_aranges  0x00000000      0xc58
 .debug_aranges
                0x00000000       0x20 atmel_start.o
 .debug_aranges
                0x00000020       0x38 cupdi/cupdi.o
 .debug_aranges
                0x00000058       0x28 cupdi/device/device.o
 .debug_aranges
                0x00000080       0x18 cupdi/hex_file/ihex.o
 .debug_aranges
                0x00000098       0x20 cupdi/platform/delay.o
 .debug_aranges
                0x000000b8       0x50 cupdi/platform/serial.o
 .debug_aranges
                0x00000108       0xd0 cupdi/updi/application.o
 .debug_aranges
                0x000001d8       0xb8 cupdi/updi/link.o
 .debug_aranges
                0x00000290       0x90 cupdi/updi/nvm.o
 .debug_aranges
                0x00000320       0x70 cupdi/updi/physical.o
 .debug_aranges
                0x00000390       0x28 Device_Startup/startup_saml21.o
 .debug_aranges
                0x000003b8       0x38 driver_init.o
 .debug_aranges
                0x000003f0       0x30 hal/src/hal_atomic.o
 .debug_aranges
                0x00000420       0x38 hal/src/hal_delay.o
 .debug_aranges
                0x00000458       0x30 hal/src/hal_io.o
 .debug_aranges
                0x00000488       0xe0 hal/src/hal_usart_async.o
 .debug_aranges
                0x00000568       0x20 hal/utils/src/utils_assert.o
 .debug_aranges
                0x00000588       0x40 hal/utils/src/utils_ringbuffer.o
 .debug_aranges
                0x000005c8       0x80 hpl/core/hpl_core_m0plus_base.o
 .debug_aranges
                0x00000648       0x20 hpl/core/hpl_init.o
 .debug_aranges
                0x00000668       0x28 hpl/gclk/hpl_gclk.o
 .debug_aranges
                0x00000690       0x20 hpl/mclk/hpl_mclk.o
 .debug_aranges
                0x000006b0       0x20 hpl/osc32kctrl/hpl_osc32kctrl.o
 .debug_aranges
                0x000006d0       0x28 hpl/oscctrl/hpl_oscctrl.o
 .debug_aranges
                0x000006f8       0x30 hpl/pm/hpl_pm.o
 .debug_aranges
                0x00000728      0x510 hpl/sercom/hpl_sercom.o
 .debug_aranges
                0x00000c38       0x20 main.o

.debug_ranges   0x00000000     0x1748
 .debug_ranges  0x00000000       0x10 atmel_start.o
 .debug_ranges  0x00000010       0x28 cupdi/cupdi.o
 .debug_ranges  0x00000038       0x18 cupdi/device/device.o
 .debug_ranges  0x00000050       0x10 cupdi/platform/delay.o
 .debug_ranges  0x00000060       0x40 cupdi/platform/serial.o
 .debug_ranges  0x000000a0      0x130 cupdi/updi/application.o
 .debug_ranges  0x000001d0       0xa8 cupdi/updi/link.o
 .debug_ranges  0x00000278       0x80 cupdi/updi/nvm.o
 .debug_ranges  0x000002f8       0xc8 cupdi/updi/physical.o
 .debug_ranges  0x000003c0       0x18 Device_Startup/startup_saml21.o
 .debug_ranges  0x000003d8       0xe0 driver_init.o
 .debug_ranges  0x000004b8       0x20 hal/src/hal_atomic.o
 .debug_ranges  0x000004d8       0x28 hal/src/hal_delay.o
 .debug_ranges  0x00000500       0x20 hal/src/hal_io.o
 .debug_ranges  0x00000520       0xd0 hal/src/hal_usart_async.o
 .debug_ranges  0x000005f0       0x10 hal/utils/src/utils_assert.o
 .debug_ranges  0x00000600       0x30 hal/utils/src/utils_ringbuffer.o
 .debug_ranges  0x00000630       0xa8 hpl/core/hpl_core_m0plus_base.o
 .debug_ranges  0x000006d8       0x30 hpl/core/hpl_init.o
 .debug_ranges  0x00000708       0x18 hpl/gclk/hpl_gclk.o
 .debug_ranges  0x00000720       0x28 hpl/mclk/hpl_mclk.o
 .debug_ranges  0x00000748       0x28 hpl/osc32kctrl/hpl_osc32kctrl.o
 .debug_ranges  0x00000770       0x30 hpl/oscctrl/hpl_oscctrl.o
 .debug_ranges  0x000007a0       0x38 hpl/pm/hpl_pm.o
 .debug_ranges  0x000007d8      0xf60 hpl/sercom/hpl_sercom.o
 .debug_ranges  0x00001738       0x10 main.o

.debug_macro    0x00000000    0x1e28f
 .debug_macro   0x00000000      0x5c8 atmel_start.o
 .debug_macro   0x000005c8      0x8aa atmel_start.o
 .debug_macro   0x00000e72      0x16d atmel_start.o
 .debug_macro   0x00000fdf       0x22 atmel_start.o
 .debug_macro   0x00001001       0x87 atmel_start.o
 .debug_macro   0x00001088       0x51 atmel_start.o
 .debug_macro   0x000010d9       0xef atmel_start.o
 .debug_macro   0x000011c8       0x6a atmel_start.o
 .debug_macro   0x00001232      0x1df atmel_start.o
 .debug_macro   0x00001411       0x22 atmel_start.o
 .debug_macro   0x00001433       0x3f atmel_start.o
 .debug_macro   0x00001472       0x1c atmel_start.o
 .debug_macro   0x0000148e       0x22 atmel_start.o
 .debug_macro   0x000014b0       0xb5 atmel_start.o
 .debug_macro   0x00001565      0x3ad atmel_start.o
 .debug_macro   0x00001912      0x714 atmel_start.o
 .debug_macro   0x00002026      0x8f0 atmel_start.o
 .debug_macro   0x00002916      0x279 atmel_start.o
 .debug_macro   0x00002b8f      0x21e atmel_start.o
 .debug_macro   0x00002dad      0x4c3 atmel_start.o
 .debug_macro   0x00003270      0xe12 atmel_start.o
 .debug_macro   0x00004082      0x5e7 atmel_start.o
 .debug_macro   0x00004669      0x5be atmel_start.o
 .debug_macro   0x00004c27      0x824 atmel_start.o
 .debug_macro   0x0000544b      0x314 atmel_start.o
 .debug_macro   0x0000575f      0x5c6 atmel_start.o
 .debug_macro   0x00005d25      0x21c atmel_start.o
 .debug_macro   0x00005f41      0x729 atmel_start.o
 .debug_macro   0x0000666a      0x16f atmel_start.o
 .debug_macro   0x000067d9      0x70f atmel_start.o
 .debug_macro   0x00006ee8      0x28c atmel_start.o
 .debug_macro   0x00007174      0x6e1 atmel_start.o
 .debug_macro   0x00007855      0x2c5 atmel_start.o
 .debug_macro   0x00007b1a      0x3c1 atmel_start.o
 .debug_macro   0x00007edb      0x1a0 atmel_start.o
 .debug_macro   0x0000807b     0x1260 atmel_start.o
 .debug_macro   0x000092db      0xf4d atmel_start.o
 .debug_macro   0x0000a228      0x866 atmel_start.o
 .debug_macro   0x0000aa8e      0x8ae atmel_start.o
 .debug_macro   0x0000b33c     0x19be atmel_start.o
 .debug_macro   0x0000ccfa       0xe7 atmel_start.o
 .debug_macro   0x0000cde1     0x13e6 atmel_start.o
 .debug_macro   0x0000e1c7      0x36a atmel_start.o
 .debug_macro   0x0000e531       0x7c atmel_start.o
 .debug_macro   0x0000e5ad       0xac atmel_start.o
 .debug_macro   0x0000e659       0xca atmel_start.o
 .debug_macro   0x0000e723       0x4c atmel_start.o
 .debug_macro   0x0000e76f       0x94 atmel_start.o
 .debug_macro   0x0000e803       0xdc atmel_start.o
 .debug_macro   0x0000e8df       0xb2 atmel_start.o
 .debug_macro   0x0000e991       0x64 atmel_start.o
 .debug_macro   0x0000e9f5      0x5a4 atmel_start.o
 .debug_macro   0x0000ef99      0x19d atmel_start.o
 .debug_macro   0x0000f136       0x70 atmel_start.o
 .debug_macro   0x0000f1a6       0xa0 atmel_start.o
 .debug_macro   0x0000f246       0xc4 atmel_start.o
 .debug_macro   0x0000f30a       0x28 atmel_start.o
 .debug_macro   0x0000f332       0xa0 atmel_start.o
 .debug_macro   0x0000f3d2       0x40 atmel_start.o
 .debug_macro   0x0000f412       0x7c atmel_start.o
 .debug_macro   0x0000f48e       0x40 atmel_start.o
 .debug_macro   0x0000f4ce      0x16c atmel_start.o
 .debug_macro   0x0000f63a       0x10 atmel_start.o
 .debug_macro   0x0000f64a       0x34 atmel_start.o
 .debug_macro   0x0000f67e       0xee atmel_start.o
 .debug_macro   0x0000f76c      0x12b atmel_start.o
 .debug_macro   0x0000f897      0x12b atmel_start.o
 .debug_macro   0x0000f9c2      0x12b atmel_start.o
 .debug_macro   0x0000faed      0x12b atmel_start.o
 .debug_macro   0x0000fc18      0x12b atmel_start.o
 .debug_macro   0x0000fd43      0x12b atmel_start.o
 .debug_macro   0x0000fe6e       0x5e atmel_start.o
 .debug_macro   0x0000fecc       0xfa atmel_start.o
 .debug_macro   0x0000ffc6       0xfa atmel_start.o
 .debug_macro   0x000100c0       0xfa atmel_start.o
 .debug_macro   0x000101ba       0xfa atmel_start.o
 .debug_macro   0x000102b4       0xfa atmel_start.o
 .debug_macro   0x000103ae      0x124 atmel_start.o
 .debug_macro   0x000104d2       0xfa atmel_start.o
 .debug_macro   0x000105cc       0xee atmel_start.o
 .debug_macro   0x000106ba       0x2e atmel_start.o
 .debug_macro   0x000106e8      0x40f atmel_start.o
 .debug_macro   0x00010af7       0x3a atmel_start.o
 .debug_macro   0x00010b31      0x42c atmel_start.o
 .debug_macro   0x00010f5d     0x23fb atmel_start.o
 .debug_macro   0x00013358       0x90 atmel_start.o
 .debug_macro   0x000133e8       0x10 atmel_start.o
 .debug_macro   0x000133f8       0x10 atmel_start.o
 .debug_macro   0x00013408       0x16 atmel_start.o
 .debug_macro   0x0001341e       0x16 atmel_start.o
 .debug_macro   0x00013434       0x16 atmel_start.o
 .debug_macro   0x0001344a       0x16 atmel_start.o
 .debug_macro   0x00013460       0x16 atmel_start.o
 .debug_macro   0x00013476       0x16 atmel_start.o
 .debug_macro   0x0001348c       0x16 atmel_start.o
 .debug_macro   0x000134a2       0x16 atmel_start.o
 .debug_macro   0x000134b8       0x16 atmel_start.o
 .debug_macro   0x000134ce       0x16 atmel_start.o
 .debug_macro   0x000134e4       0x16 atmel_start.o
 .debug_macro   0x000134fa       0x16 atmel_start.o
 .debug_macro   0x00013510       0x16 atmel_start.o
 .debug_macro   0x00013526       0x16 atmel_start.o
 .debug_macro   0x0001353c       0x16 atmel_start.o
 .debug_macro   0x00013552       0x16 atmel_start.o
 .debug_macro   0x00013568       0x16 atmel_start.o
 .debug_macro   0x0001357e       0x16 atmel_start.o
 .debug_macro   0x00013594       0x16 atmel_start.o
 .debug_macro   0x000135aa      0x2e0 atmel_start.o
 .debug_macro   0x0001388a       0x94 atmel_start.o
 .debug_macro   0x0001391e       0x16 atmel_start.o
 .debug_macro   0x00013934       0xbe atmel_start.o
 .debug_macro   0x000139f2      0x28c atmel_start.o
 .debug_macro   0x00013c7e       0x16 atmel_start.o
 .debug_macro   0x00013c94      0x4d8 atmel_start.o
 .debug_macro   0x0001416c       0x16 atmel_start.o
 .debug_macro   0x00014182       0xca atmel_start.o
 .debug_macro   0x0001424c       0x1c atmel_start.o
 .debug_macro   0x00014268       0x16 atmel_start.o
 .debug_macro   0x0001427e       0xcf atmel_start.o
 .debug_macro   0x0001434d       0x46 atmel_start.o
 .debug_macro   0x00014393      0x2b7 cupdi/cupdi.o
 .debug_macro   0x0001464a       0x52 cupdi/cupdi.o
 .debug_macro   0x0001469c       0x8d cupdi/cupdi.o
 .debug_macro   0x00014729       0x35 cupdi/cupdi.o
 .debug_macro   0x0001475e       0x9c cupdi/cupdi.o
 .debug_macro   0x000147fa       0x16 cupdi/cupdi.o
 .debug_macro   0x00014810       0x57 cupdi/cupdi.o
 .debug_macro   0x00014867       0x97 cupdi/cupdi.o
 .debug_macro   0x000148fe      0x353 cupdi/cupdi.o
 .debug_macro   0x00014c51       0xf6 cupdi/cupdi.o
 .debug_macro   0x00014d47       0x10 cupdi/cupdi.o
 .debug_macro   0x00014d57       0x58 cupdi/cupdi.o
 .debug_macro   0x00014daf       0x1f cupdi/cupdi.o
 .debug_macro   0x00014dce       0x43 cupdi/cupdi.o
 .debug_macro   0x00014e11       0x20 cupdi/cupdi.o
 .debug_macro   0x00014e31      0x187 cupdi/cupdi.o
 .debug_macro   0x00014fb8       0x10 cupdi/cupdi.o
 .debug_macro   0x00014fc8       0x1c cupdi/cupdi.o
 .debug_macro   0x00014fe4       0x52 cupdi/cupdi.o
 .debug_macro   0x00015036       0x40 cupdi/cupdi.o
 .debug_macro   0x00015076       0x10 cupdi/cupdi.o
 .debug_macro   0x00015086       0x40 cupdi/cupdi.o
 .debug_macro   0x000150c6       0xd7 cupdi/cupdi.o
 .debug_macro   0x0001519d       0x16 cupdi/cupdi.o
 .debug_macro   0x000151b3      0x18b cupdi/cupdi.o
 .debug_macro   0x0001533e       0x3a cupdi/cupdi.o
 .debug_macro   0x00015378       0x16 cupdi/cupdi.o
 .debug_macro   0x0001538e       0x35 cupdi/cupdi.o
 .debug_macro   0x000153c3       0x16 cupdi/cupdi.o
 .debug_macro   0x000153d9       0x29 cupdi/cupdi.o
 .debug_macro   0x00015402       0x16 cupdi/cupdi.o
 .debug_macro   0x00015418       0x34 cupdi/cupdi.o
 .debug_macro   0x0001544c       0x10 cupdi/cupdi.o
 .debug_macro   0x0001545c      0x241 cupdi/cupdi.o
 .debug_macro   0x0001569d       0x16 cupdi/cupdi.o
 .debug_macro   0x000156b3       0x16 cupdi/cupdi.o
 .debug_macro   0x000156c9      0x34e cupdi/cupdi.o
 .debug_macro   0x00015a17       0x22 cupdi/cupdi.o
 .debug_macro   0x00015a39      0x281 cupdi/device/device.o
 .debug_macro   0x00015cba      0x10e cupdi/device/device.o
 .debug_macro   0x00015dc8       0x86 cupdi/device/device.o
 .debug_macro   0x00015e4e       0x1c cupdi/device/device.o
 .debug_macro   0x00015e6a       0x4c cupdi/device/device.o
 .debug_macro   0x00015eb6       0x29 cupdi/hex_file/ihex.o
 .debug_macro   0x00015edf      0x4fa cupdi/platform/delay.o
 .debug_macro   0x000163d9      0x865 cupdi/platform/serial.o
 .debug_macro   0x00016c3e      0x1da cupdi/platform/serial.o
 .debug_macro   0x00016e18       0x16 cupdi/platform/serial.o
 .debug_macro   0x00016e2e       0x10 cupdi/platform/serial.o
 .debug_macro   0x00016e3e       0x41 cupdi/platform/serial.o
 .debug_macro   0x00016e7f      0x122 cupdi/platform/serial.o
 .debug_macro   0x00016fa1       0x10 cupdi/platform/serial.o
 .debug_macro   0x00016fb1       0x28 cupdi/platform/serial.o
 .debug_macro   0x00016fd9       0xba cupdi/platform/serial.o
 .debug_macro   0x00017093       0xaf cupdi/platform/serial.o
 .debug_macro   0x00017142      0x2ac cupdi/updi/application.o
 .debug_macro   0x000173ee       0x10 cupdi/updi/application.o
 .debug_macro   0x000173fe      0x1d2 cupdi/updi/application.o
 .debug_macro   0x000175d0      0x29d cupdi/updi/link.o
 .debug_macro   0x0001786d      0x2ab cupdi/updi/nvm.o
 .debug_macro   0x00017b18      0x29a cupdi/updi/physical.o
 .debug_macro   0x00017db2      0x374 Device_Startup/startup_saml21.o
 .debug_macro   0x00018126       0x39 Device_Startup/startup_saml21.o
 .debug_macro   0x0001815f      0x5d7 driver_init.o
 .debug_macro   0x00018736       0xc9 driver_init.o
 .debug_macro   0x000187ff      0x4d8 hal/src/hal_atomic.o
 .debug_macro   0x00018cd7      0x50b hal/src/hal_delay.o
 .debug_macro   0x000191e2      0x4eb hal/src/hal_io.o
 .debug_macro   0x000196cd      0x538 hal/src/hal_usart_async.o
 .debug_macro   0x00019c05      0x4e1 hal/utils/src/utils_assert.o
 .debug_macro   0x0001a0e6       0x10 hal/utils/src/utils_assert.o
 .debug_macro   0x0001a0f6      0x4e5 hal/utils/src/utils_ringbuffer.o
 .debug_macro   0x0001a5db      0x534 hpl/core/hpl_core_m0plus_base.o
 .debug_macro   0x0001ab0f      0x558 hpl/core/hpl_init.o
 .debug_macro   0x0001b067       0x28 hpl/core/hpl_init.o
 .debug_macro   0x0001b08f      0x772 hpl/core/hpl_init.o
 .debug_macro   0x0001b801      0x4ee hpl/gclk/hpl_gclk.o
 .debug_macro   0x0001bcef      0x1f4 hpl/gclk/hpl_gclk.o
 .debug_macro   0x0001bee3      0x4ea hpl/mclk/hpl_mclk.o
 .debug_macro   0x0001c3cd      0x4e5 hpl/osc32kctrl/hpl_osc32kctrl.o
 .debug_macro   0x0001c8b2       0xa4 hpl/osc32kctrl/hpl_osc32kctrl.o
 .debug_macro   0x0001c956      0x4e5 hpl/oscctrl/hpl_oscctrl.o
 .debug_macro   0x0001ce3b      0x18c hpl/oscctrl/hpl_oscctrl.o
 .debug_macro   0x0001cfc7      0x4f0 hpl/pm/hpl_pm.o
 .debug_macro   0x0001d4b7      0x737 hpl/sercom/hpl_sercom.o
 .debug_macro   0x0001dbee       0x70 hpl/sercom/hpl_sercom.o
 .debug_macro   0x0001dc5e       0x10 hpl/sercom/hpl_sercom.o
 .debug_macro   0x0001dc6e       0x1c hpl/sercom/hpl_sercom.o
 .debug_macro   0x0001dc8a       0x22 hpl/sercom/hpl_sercom.o
 .debug_macro   0x0001dcac       0x10 hpl/sercom/hpl_sercom.o
 .debug_macro   0x0001dcbc      0x5d3 main.o

.debug_line     0x00000000    0x123a8
 .debug_line    0x00000000      0xb71 atmel_start.o
 .debug_line    0x00000b71      0x52f cupdi/cupdi.o
 .debug_line    0x000010a0      0x450 cupdi/device/device.o
 .debug_line    0x000014f0       0xbf cupdi/hex_file/ihex.o
 .debug_line    0x000015af      0xa45 cupdi/platform/delay.o
 .debug_line    0x00001ff4      0xe5e cupdi/platform/serial.o
 .debug_line    0x00002e52      0x89b cupdi/updi/application.o
 .debug_line    0x000036ed      0x7df cupdi/updi/link.o
 .debug_line    0x00003ecc      0x683 cupdi/updi/nvm.o
 .debug_line    0x0000454f      0x64c cupdi/updi/physical.o
 .debug_line    0x00004b9b      0x771 Device_Startup/startup_saml21.o
 .debug_line    0x0000530c      0xc20 driver_init.o
 .debug_line    0x00005f2c      0xa5c hal/src/hal_atomic.o
 .debug_line    0x00006988      0xa8d hal/src/hal_delay.o
 .debug_line    0x00007415      0xa72 hal/src/hal_io.o
 .debug_line    0x00007e87      0xd6b hal/src/hal_usart_async.o
 .debug_line    0x00008bf2      0xa26 hal/utils/src/utils_assert.o
 .debug_line    0x00009618      0xacb hal/utils/src/utils_ringbuffer.o
 .debug_line    0x0000a0e3      0xc0c hpl/core/hpl_core_m0plus_base.o
 .debug_line    0x0000acef      0xb1e hpl/core/hpl_init.o
 .debug_line    0x0000b80d      0xa78 hpl/gclk/hpl_gclk.o
 .debug_line    0x0000c285      0xa62 hpl/mclk/hpl_mclk.o
 .debug_line    0x0000cce7      0xa75 hpl/osc32kctrl/hpl_osc32kctrl.o
 .debug_line    0x0000d75c      0xa8e hpl/oscctrl/hpl_oscctrl.o
 .debug_line    0x0000e1ea      0xaa3 hpl/pm/hpl_pm.o
 .debug_line    0x0000ec8d     0x2b99 hpl/sercom/hpl_sercom.o
 .debug_line    0x00011826      0xb82 main.o

.debug_str      0x00000000    0x9469d
 .debug_str     0x00000000    0x838fb atmel_start.o
                              0x83e35 (size before relaxing)
 .debug_str     0x000838fb     0x5341 cupdi/cupdi.o
                               0x8c0d (size before relaxing)
 .debug_str     0x00088c3c      0x136 cupdi/device/device.o
                               0x8081 (size before relaxing)
 .debug_str     0x00088d72       0x22 cupdi/hex_file/ihex.o
                               0x30fb (size before relaxing)
 .debug_str     0x00088d94       0x2a cupdi/platform/delay.o
                              0x8312a (size before relaxing)
 .debug_str     0x00088dbe     0x125e cupdi/platform/serial.o
                              0x897bb (size before relaxing)
 .debug_str     0x0008a01c      0xb2f cupdi/updi/application.o
                               0x8a5d (size before relaxing)
 .debug_str     0x0008ab4b      0x184 cupdi/updi/link.o
                               0x87e8 (size before relaxing)
 .debug_str     0x0008accf      0x14e cupdi/updi/nvm.o
                               0x8a05 (size before relaxing)
 .debug_str     0x0008ae1d      0x128 cupdi/updi/physical.o
                               0x87b5 (size before relaxing)
 .debug_str     0x0008af45      0x524 Device_Startup/startup_saml21.o
                              0x7b7d9 (size before relaxing)
 .debug_str     0x0008b469     0x1187 driver_init.o
                              0x8518d (size before relaxing)
 .debug_str     0x0008c5f0       0xb7 hal/src/hal_atomic.o
                              0x8316b (size before relaxing)
 .debug_str     0x0008c6a7       0x92 hal/src/hal_delay.o
                              0x831d5 (size before relaxing)
 .debug_str     0x0008c739       0x2a hal/src/hal_io.o
                              0x83218 (size before relaxing)
 .debug_str     0x0008c763      0x47b hal/src/hal_usart_async.o
                              0x84062 (size before relaxing)
 .debug_str     0x0008cbde       0x2a hal/utils/src/utils_assert.o
                              0x8317b (size before relaxing)
 .debug_str     0x0008cc08       0x24 hal/utils/src/utils_ringbuffer.o
                              0x83221 (size before relaxing)
 .debug_str     0x0008cc2c      0x30a hpl/core/hpl_core_m0plus_base.o
                              0x83b79 (size before relaxing)
 .debug_str     0x0008cf36     0x19bc hpl/core/hpl_init.o
                              0x85671 (size before relaxing)
 .debug_str     0x0008e8f2      0x81b hpl/gclk/hpl_gclk.o
                              0x83ab0 (size before relaxing)
 .debug_str     0x0008f10d       0xa5 hpl/mclk/hpl_mclk.o
                              0x83638 (size before relaxing)
 .debug_str     0x0008f1b2      0x488 hpl/osc32kctrl/hpl_osc32kctrl.o
                              0x835d2 (size before relaxing)
 .debug_str     0x0008f63a      0x8e4 hpl/oscctrl/hpl_oscctrl.o
                              0x83ab6 (size before relaxing)
 .debug_str     0x0008ff1e      0x367 hpl/pm/hpl_pm.o
                              0x83533 (size before relaxing)
 .debug_str     0x00090285     0x440c hpl/sercom/hpl_sercom.o
                              0x88e51 (size before relaxing)
 .debug_str     0x00094691        0xc main.o
                              0x83e40 (size before relaxing)

.debug_frame    0x00000000     0x2360
 .debug_frame   0x00000000       0x28 atmel_start.o
 .debug_frame   0x00000028       0x80 cupdi/cupdi.o
 .debug_frame   0x000000a8       0x38 cupdi/device/device.o
 .debug_frame   0x000000e0       0x28 cupdi/platform/delay.o
 .debug_frame   0x00000108       0xdc cupdi/platform/serial.o
 .debug_frame   0x000001e4      0x2ac cupdi/updi/application.o
 .debug_frame   0x00000490      0x288 cupdi/updi/link.o
 .debug_frame   0x00000718      0x1a0 cupdi/updi/nvm.o
 .debug_frame   0x000008b8      0x170 cupdi/updi/physical.o
 .debug_frame   0x00000a28       0x3c Device_Startup/startup_saml21.o
 .debug_frame   0x00000a64       0x70 driver_init.o
 .debug_frame   0x00000ad4       0x40 hal/src/hal_atomic.o
 .debug_frame   0x00000b14       0x68 hal/src/hal_delay.o
 .debug_frame   0x00000b7c       0x58 hal/src/hal_io.o
 .debug_frame   0x00000bd4      0x2a4 hal/src/hal_usart_async.o
 .debug_frame   0x00000e78       0x20 hal/utils/src/utils_assert.o
 .debug_frame   0x00000e98       0x94 hal/utils/src/utils_ringbuffer.o
 .debug_frame   0x00000f2c       0xfc hpl/core/hpl_core_m0plus_base.o
 .debug_frame   0x00001028       0x28 hpl/core/hpl_init.o
 .debug_frame   0x00001050       0x30 hpl/gclk/hpl_gclk.o
 .debug_frame   0x00001080       0x20 hpl/mclk/hpl_mclk.o
 .debug_frame   0x000010a0       0x20 hpl/osc32kctrl/hpl_osc32kctrl.o
 .debug_frame   0x000010c0       0x38 hpl/oscctrl/hpl_oscctrl.o
 .debug_frame   0x000010f8       0x40 hpl/pm/hpl_pm.o
 .debug_frame   0x00001138      0xfdc hpl/sercom/hpl_sercom.o
 .debug_frame   0x00002114       0x28 main.o
 .debug_frame   0x0000213c       0x20 c:/program files (x86)/atmel/studio/7.0/toolchain/arm/arm-gnu-toolchain/bin/../lib/gcc/arm-none-eabi/6.3.1/thumb/v6-m\libgcc.a(_udivsi3.o)
 .debug_frame   0x0000215c       0x20 c:/program files (x86)/atmel/studio/7.0/toolchain/arm/arm-gnu-toolchain/bin/../lib/gcc/arm-none-eabi/6.3.1/thumb/v6-m\libgcc.a(_divsi3.o)
 .debug_frame   0x0000217c       0x28 c:/program files (x86)/atmel/studio/7.0/toolchain/arm/arm-gnu-toolchain/bin/../lib/gcc/arm-none-eabi/6.3.1/thumb/v6-m\libgcc.a(_fixunssfsi.o)
 .debug_frame   0x000021a4       0x3c c:/program files (x86)/atmel/studio/7.0/toolchain/arm/arm-gnu-toolchain/bin/../lib/gcc/arm-none-eabi/6.3.1/thumb/v6-m\libgcc.a(mulsf3.o)
 .debug_frame   0x000021e0       0x38 c:/program files (x86)/atmel/studio/7.0/toolchain/arm/arm-gnu-toolchain/bin/../lib/gcc/arm-none-eabi/6.3.1/thumb/v6-m\libgcc.a(subsf3.o)
 .debug_frame   0x00002218       0x20 c:/program files (x86)/atmel/studio/7.0/toolchain/arm/arm-gnu-toolchain/bin/../lib/gcc/arm-none-eabi/6.3.1/thumb/v6-m\libgcc.a(fixsfsi.o)
 .debug_frame   0x00002238       0x28 c:/program files (x86)/atmel/studio/7.0/toolchain/arm/arm-gnu-toolchain/bin/../lib/gcc/arm-none-eabi/6.3.1/thumb/v6-m\libgcc.a(floatunsisf.o)
 .debug_frame   0x00002260       0x2c c:/program files (x86)/atmel/studio/7.0/toolchain/arm/arm-gnu-toolchain/bin/../lib/gcc/arm-none-eabi/6.3.1/thumb/v6-m\libgcc.a(eqsf2.o)
 .debug_frame   0x0000228c       0x30 c:/program files (x86)/atmel/studio/7.0/toolchain/arm/arm-gnu-toolchain/bin/../lib/gcc/arm-none-eabi/6.3.1/thumb/v6-m\libgcc.a(gesf2.o)
 .debug_frame   0x000022bc       0x30 c:/program files (x86)/atmel/studio/7.0/toolchain/arm/arm-gnu-toolchain/bin/../lib/gcc/arm-none-eabi/6.3.1/thumb/v6-m\libgcc.a(lesf2.o)
 .debug_frame   0x000022ec       0x2c c:/program files (x86)/atmel/studio/7.0/toolchain/arm/arm-gnu-toolchain/bin/../lib/gcc/arm-none-eabi/6.3.1/../../../../arm-none-eabi/lib/thumb/v6-m\libc_nano.a(lib_a-init.o)
 .debug_frame   0x00002318       0x28 c:/program files (x86)/atmel/studio/7.0/toolchain/arm/arm-gnu-toolchain/bin/../lib/gcc/arm-none-eabi/6.3.1/../../../../arm-none-eabi/lib/thumb/v6-m\libc_nano.a(lib_a-memcpy-stub.o)
 .debug_frame   0x00002340       0x20 c:/program files (x86)/atmel/studio/7.0/toolchain/arm/arm-gnu-toolchain/bin/../lib/gcc/arm-none-eabi/6.3.1/../../../../arm-none-eabi/lib/thumb/v6-m\libc_nano.a(lib_a-memset.o)
